Component: ARM Compiler 5.06 update 6 (build 750) Tool: armlink [4d35ed]

==============================================================================

Section Cross References

    startup_stm32f103xb.o(STACK) refers (Special) to heapauxi.o(.text) for __use_two_region_memory
    startup_stm32f103xb.o(HEAP) refers (Special) to heapauxi.o(.text) for __use_two_region_memory
    startup_stm32f103xb.o(RESET) refers (Special) to heapauxi.o(.text) for __use_two_region_memory
    startup_stm32f103xb.o(RESET) refers to startup_stm32f103xb.o(STACK) for __initial_sp
    startup_stm32f103xb.o(RESET) refers to startup_stm32f103xb.o(.text) for Reset_Handler
    startup_stm32f103xb.o(RESET) refers to stm32f1xx_it.o(i.NMI_Handler) for NMI_Handler
    startup_stm32f103xb.o(RESET) refers to stm32f1xx_it.o(i.HardFault_Handler) for HardFault_Handler
    startup_stm32f103xb.o(RESET) refers to stm32f1xx_it.o(i.MemManage_Handler) for MemManage_Handler
    startup_stm32f103xb.o(RESET) refers to stm32f1xx_it.o(i.BusFault_Handler) for BusFault_Handler
    startup_stm32f103xb.o(RESET) refers to stm32f1xx_it.o(i.UsageFault_Handler) for UsageFault_Handler
    startup_stm32f103xb.o(RESET) refers to port.o(.emb_text) for SVC_Handler
    startup_stm32f103xb.o(RESET) refers to stm32f1xx_it.o(i.DebugMon_Handler) for DebugMon_Handler
    startup_stm32f103xb.o(RESET) refers to stm32f1xx_it.o(i.SysTick_Handler) for SysTick_Handler
    startup_stm32f103xb.o(RESET) refers to stm32f1xx_it.o(i.USART1_IRQHandler) for USART1_IRQHandler
    startup_stm32f103xb.o(.text) refers (Special) to heapauxi.o(.text) for __use_two_region_memory
    startup_stm32f103xb.o(.text) refers to system_stm32f1xx.o(i.SystemInit) for SystemInit
    startup_stm32f103xb.o(.text) refers to __main.o(!!!main) for __main
    startup_stm32f103xb.o(.text) refers to startup_stm32f103xb.o(HEAP) for Heap_Mem
    startup_stm32f103xb.o(.text) refers to startup_stm32f103xb.o(STACK) for Stack_Mem
    main.o(i.SystemClock_Config) refers to rt_memclr_w.o(.text) for __aeabi_memclr4
    main.o(i.SystemClock_Config) refers to stm32f1xx_hal_rcc.o(i.HAL_RCC_OscConfig) for HAL_RCC_OscConfig
    main.o(i.SystemClock_Config) refers to stm32f1xx_hal_rcc.o(i.HAL_RCC_ClockConfig) for HAL_RCC_ClockConfig
    main.o(i.SystemClock_Config) refers to stm32f1xx_hal_rcc_ex.o(i.HAL_RCCEx_PeriphCLKConfig) for HAL_RCCEx_PeriphCLKConfig
    main.o(i.main) refers to stm32f1xx_hal.o(i.HAL_Init) for HAL_Init
    main.o(i.main) refers to main.o(i.SystemClock_Config) for SystemClock_Config
    main.o(i.main) refers to gpio.o(i.MX_GPIO_Init) for MX_GPIO_Init
    main.o(i.main) refers to i2c.o(i.MX_I2C1_Init) for MX_I2C1_Init
    main.o(i.main) refers to iwdg.o(i.MX_IWDG_Init) for MX_IWDG_Init
    main.o(i.main) refers to rtc.o(i.MX_RTC_Init) for MX_RTC_Init
    main.o(i.main) refers to usart.o(i.MX_USART1_UART_Init) for MX_USART1_UART_Init
    main.o(i.main) refers to freertos.o(i.MX_FREERTOS_Init) for MX_FREERTOS_Init
    main.o(i.main) refers to cmsis_os.o(i.osKernelStart) for osKernelStart
    gpio.o(i.MX_GPIO_Init) refers to stm32f1xx_hal_gpio.o(i.HAL_GPIO_Init) for HAL_GPIO_Init
    freertos.o(i.MX_FREERTOS_Init) refers to cmsis_os.o(i.osMutexCreate) for osMutexCreate
    freertos.o(i.MX_FREERTOS_Init) refers to cmsis_os.o(i.osMessageCreate) for osMessageCreate
    freertos.o(i.MX_FREERTOS_Init) refers to app_main.o(i.app_main_init) for app_main_init
    freertos.o(i.MX_FREERTOS_Init) refers to rt_memcpy_w.o(.text) for __aeabi_memcpy4
    freertos.o(i.MX_FREERTOS_Init) refers to cmsis_os.o(i.osThreadCreate) for osThreadCreate
    freertos.o(i.MX_FREERTOS_Init) refers to freertos.o(.data) for .data
    freertos.o(i.MX_FREERTOS_Init) refers to freertos.o(.constdata) for .constdata
    freertos.o(i.StartDefaultTask) refers to tasks.o(i.tasks_rs485) for tasks_rs485
    freertos.o(i.StartTask02) refers to tasks.o(i.tasks_tou) for tasks_tou
    freertos.o(i.StartTask03) refers to tasks.o(i.tasks_lcd) for tasks_lcd
    freertos.o(i.StartTask04) refers to tasks.o(i.tasks_ui) for tasks_ui
    freertos.o(i.StartTask05) refers to tasks.o(i.tasks_wdg) for tasks_wdg
    freertos.o(i.vApplicationGetIdleTaskMemory) refers to freertos.o(.bss) for .bss
    freertos.o(.constdata) refers to freertos.o(.conststring) for .conststring
    freertos.o(.constdata) refers to freertos.o(i.StartDefaultTask) for StartDefaultTask
    freertos.o(.constdata) refers to freertos.o(i.StartTask02) for StartTask02
    freertos.o(.constdata) refers to freertos.o(i.StartTask03) for StartTask03
    freertos.o(.constdata) refers to freertos.o(i.StartTask04) for StartTask04
    freertos.o(.constdata) refers to freertos.o(i.StartTask05) for StartTask05
    i2c.o(i.HAL_I2C_MspDeInit) refers to stm32f1xx_hal_gpio.o(i.HAL_GPIO_DeInit) for HAL_GPIO_DeInit
    i2c.o(i.HAL_I2C_MspInit) refers to stm32f1xx_hal_gpio.o(i.HAL_GPIO_Init) for HAL_GPIO_Init
    i2c.o(i.MX_I2C1_Init) refers to stm32f1xx_hal_i2c.o(i.HAL_I2C_Init) for HAL_I2C_Init
[...]
    __rt_lib_shutdown_return                 0x0800018d   Thumb Code     0  libshutdown2.o(.ARM.Collect$$libshutdown$$00000010)
    __rt_lib_shutdown_signal_1               0x0800018d   Thumb Code     0  libshutdown2.o(.ARM.Collect$$libshutdown$$0000000A)
    __rt_lib_shutdown_stdio_1                0x0800018d   Thumb Code     0  libshutdown2.o(.ARM.Collect$$libshutdown$$00000004)
    __rt_lib_shutdown_user_alloc_1           0x0800018d   Thumb Code     0  libshutdown2.o(.ARM.Collect$$libshutdown$$0000000C)
    __rt_entry                               0x0800018f   Thumb Code     0  __rtentry.o(.ARM.Collect$$rtentry$$00000000)
    __rt_entry_presh_1                       0x0800018f   Thumb Code     0  __rtentry2.o(.ARM.Collect$$rtentry$$00000002)
    __rt_entry_sh                            0x0800018f   Thumb Code     0  __rtentry4.o(.ARM.Collect$$rtentry$$00000004)
    __rt_entry_li                            0x08000195   Thumb Code     0  __rtentry2.o(.ARM.Collect$$rtentry$$0000000A)
    __rt_entry_postsh_1                      0x08000195   Thumb Code     0  __rtentry2.o(.ARM.Collect$$rtentry$$00000009)
    __rt_entry_main                          0x08000199   Thumb Code     0  __rtentry2.o(.ARM.Collect$$rtentry$$0000000D)
    __rt_entry_postli_1                      0x08000199   Thumb Code     0  __rtentry2.o(.ARM.Collect$$rtentry$$0000000C)
    __rt_exit                                0x080001a1   Thumb Code     0  rtexit.o(.ARM.Collect$$rtexit$$00000000)
    __rt_exit_ls                             0x080001a3   Thumb Code     0  rtexit2.o(.ARM.Collect$$rtexit$$00000003)
    __rt_exit_prels_1                        0x080001a3   Thumb Code     0  rtexit2.o(.ARM.Collect$$rtexit$$00000002)
    __rt_exit_exit                           0x080001a7   Thumb Code     0  rtexit2.o(.ARM.Collect$$rtexit$$00000004)
    SVC_Handler                              0x080001ad   Thumb Code    32  port.o(.emb_text)
    __asm___6_port_c_39a90d8d__prvStartFirstTask 0x080001d1   Thumb Code    28  port.o(.emb_text)
    PendSV_Handler                           0x080001f1   Thumb Code    72  port.o(.emb_text)
    vPortGetIPSR                             0x0800023d   Thumb Code     6  port.o(.emb_text)
    Reset_Handler                            0x08000245   Thumb Code     8  startup_stm32f103xb.o(.text)
    ADC1_2_IRQHandler                        0x0800025f   Thumb Code     0  startup_stm32f103xb.o(.text)
    CAN1_RX1_IRQHandler                      0x0800025f   Thumb Code     0  startup_stm32f103xb.o(.text)
    CAN1_SCE_IRQHandler                      0x0800025f   Thumb Code     0  startup_stm32f103xb.o(.text)
    DMA1_Channel1_IRQHandler                 0x0800025f   Thumb Code     0  startup_stm32f103xb.o(.text)
    DMA1_Channel2_IRQHandler                 0x0800025f   Thumb Code     0  startup_stm32f103xb.o(.text)
    DMA1_Channel3_IRQHandler                 0x0800025f   Thumb Code     0  startup_stm32f103xb.o(.text)
    DMA1_Channel4_IRQHandler                 0x0800025f   Thumb Code     0  startup_stm32f103xb.o(.text)
    DMA1_Channel5_IRQHandler                 0x0800025f   Thumb Code     0  startup_stm32f103xb.o(.text)
    DMA1_Channel6_IRQHandler                 0x0800025f   Thumb Code     0  startup_stm32f103xb.o(.text)
    DMA1_Channel7_IRQHandler                 0x0800025f   Thumb Code     0  startup_stm32f103xb.o(.text)
    EXTI0_IRQHandler                         0x0800025f   Thumb Code     0  startup_stm32f103xb.o(.text)
    EXTI15_10_IRQHandler                     0x0800025f   Thumb Code     0  startup_stm32f103xb.o(.text)
    EXTI1_IRQHandler                         0x0800025f   Thumb Code     0  startup_stm32f103xb.o(.text)
    EXTI2_IRQHandler                         0x0800025f   Thumb Code     0  startup_stm32f103xb.o(.text)
    EXTI3_IRQHandler                         0x0800025f   Thumb Code     0  startup_stm32f103xb.o(.text)
    EXTI4_IRQHandler                         0x0800025f   Thumb Code     0  startup_stm32f103xb.o(.text)
    EXTI9_5_IRQHandler                       0x0800025f   Thumb Code     0  startup_stm32f103xb.o(.text)
    FLASH_IRQHandler                         0x0800025f   Thumb Code     0  startup_stm32f103xb.o(.text)
    I2C1_ER_IRQHandler                       0x0800025f   Thumb Code     0  startup_stm32f103xb.o(.text)
    I2C1_EV_IRQHandler                       0x0800025f   Thumb Code     0  startup_stm32f103xb.o(.text)
    I2C2_ER_IRQHandler                       0x0800025f   Thumb Code     0  startup_stm32f103xb.o(.text)
    I2C2_EV_IRQHandler                       0x0800025f   Thumb Code     0  startup_stm32f103xb.o(.text)
    PVD_IRQHandler                           0x0800025f   Thumb Code     0  startup_stm32f103xb.o(.text)
    RCC_IRQHandler                           0x0800025f   Thumb Code     0  startup_stm32f103xb.o(.text)
    RTC_Alarm_IRQHandler                     0x0800025f   Thumb Code     0  startup_stm32f103xb.o(.text)
    RTC_IRQHandler                           0x0800025f   Thumb Code     0  startup_stm32f103xb.o(.text)
    SPI1_IRQHandler                          0x0800025f   Thumb Code     0  startup_stm32f103xb.o(.text)
    SPI2_IRQHandler                          0x0800025f   Thumb Code     0  startup_stm32f103xb.o(.text)
    TAMPER_IRQHandler                        0x0800025f   Thumb Code     0  startup_stm32f103xb.o(.text)
    TIM1_BRK_IRQHandler                      0x0800025f   Thumb Code     0  startup_stm32f103xb.o(.text)
    TIM1_CC_IRQHandler                       0x0800025f   Thumb Code     0  startup_stm32f103xb.o(.text)
    TIM1_TRG_COM_IRQHandler                  0x0800025f   Thumb Code     0  startup_stm32f103xb.o(.text)
    TIM1_UP_IRQHandler                       0x0800025f   Thumb Code     0  startup_stm32f103xb.o(.text)
    TIM2_IRQHandler                          0x0800025f   Thumb Code     0  startup_stm32f103xb.o(.text)
    TIM3_IRQHandler                          0x0800025f   Thumb Code     0  startup_stm32f103xb.o(.text)
    TIM4_IRQHandler                          0x0800025f   Thumb Code     0  startup_stm32f103xb.o(.text)
    USART2_IRQHandler                        0x0800025f   Thumb Code     0  startup_stm32f103xb.o(.text)
    USART3_IRQHandler                        0x0800025f   Thumb Code     0  startup_stm32f103xb.o(.text)
    USBWakeUp_IRQHandler                     0x0800025f   Thumb Code     0  startup_stm32f103xb.o(.text)
    USB_HP_CAN1_TX_IRQHandler                0x0800025f   Thumb Code     0  startup_stm32f103xb.o(.text)
    USB_LP_CAN1_RX0_IRQHandler               0x0800025f   Thumb Code     0  startup_stm32f103xb.o(.text)
    WWDG_IRQHandler                          0x0800025f   Thumb Code     0  startup_stm32f103xb.o(.text)
    __user_initial_stackheap                 0x08000261   Thumb Code     0  startup_stm32f103xb.o(.text)
    __aeabi_llsr                             0x08000285   Thumb Code     0  llushr.o(.text)
    _ll_ushift_r                             0x08000285   Thumb Code    38  llushr.o(.text)
    __2snprintf                              0x080002ad   Thumb Code    48  noretval__2snprintf.o(.text)
    _printf_pre_padding                      0x080002e1   Thumb Code    44  _printf_pad.o(.text)
    _printf_post_padding                     0x0800030d   Thumb Code    34  _printf_pad.o(.text)
    _printf_str                              0x0800032f   Thumb Code    82  _printf_str.o(.text)
    _printf_int_dec                          0x08000381   Thumb Code   104  _printf_dec.o(.text)
    __printf                                 0x080003f9   Thumb Code   308  __printf_flags_wp.o(.text)
    __aeabi_memcpy                           0x08000531   Thumb Code     0  rt_memcpy_v6.o(.text)
    __rt_memcpy                              0x08000531   Thumb Code   138  rt_memcpy_v6.o(.text)
    _memcpy_lastbytes                        0x08000597   Thumb Code     0  rt_memcpy_v6.o(.text)
    __aeabi_memcpy4                          0x080005bb   Thumb Code     0  rt_memcpy_w.o(.text)
    __aeabi_memcpy8                          0x080005bb   Thumb Code     0  rt_memcpy_w.o(.text)
    __rt_memcpy_w                            0x080005bb   Thumb Code   100  rt_memcpy_w.o(.text)
    _memcpy_lastbytes_aligned                0x08000603   Thumb Code     0  rt_memcpy_w.o(.text)
    __aeabi_memclr4                          0x0800061f   Thumb Code     0  rt_memclr_w.o(.text)
    __aeabi_memclr8                          0x0800061f   Thumb Code     0  rt_memclr_w.o(.text)
    __rt_memclr_w                            0x0800061f   Thumb Code    78  rt_memclr_w.o(.text)
    _memset_w                                0x08000623   Thumb Code     0  rt_memclr_w.o(.text)
    __use_two_region_memory                  0x0800066d   Thumb Code     2  heapauxi.o(.text)
    __rt_heap_escrow$2region                 0x0800066f   Thumb Code     2  heapauxi.o(.text)
    __rt_heap_expand$2region                 0x08000671   Thumb Code     2  heapauxi.o(.text)
    _printf_int_common                       0x08000673   Thumb Code   178  _printf_intcommon.o(.text)
    __lib_sel_fp_printf                      0x08000725   Thumb Code     2  _printf_fp_dec.o(.text)
    _printf_fp_dec_real                      0x080008d7   Thumb Code   620  _printf_fp_dec.o(.text)
    _printf_char_common                      0x08000b4f   Thumb Code    32  _printf_char_common.o(.text)
    _sputc                                   0x08000b75   Thumb Code    10  _sputc.o(.text)
    _snputc                                  0x08000b7f   Thumb Code    16  _snputc.o(.text)
    _printf_cs_common                        0x08000b8f   Thumb Code    20  _printf_char.o(.text)
    _printf_char                             0x08000ba3   Thumb Code    16  _printf_char.o(.text)
    _printf_string                           0x08000bb3   Thumb Code     8  _printf_char.o(.text)
    __rt_locale                              0x08000bbd   Thumb Code     8  rt_locale_intlibspace.o(.text)
    _ll_udiv10                               0x08000bc5   Thumb Code   138  lludiv10.o(.text)
    _printf_fp_infnan                        0x08000c51   Thumb Code   112  _printf_fp_infnan.o(.text)
    _btod_etento                             0x08000cd1   Thumb Code   224  bigflt0.o(.text)
    __user_libspace                          0x08000db5   Thumb Code     8  libspace.o(.text)
    __user_perproc_libspace                  0x08000db5   Thumb Code     0  libspace.o(.text)
    __user_perthread_libspace                0x08000db5   Thumb Code     0  libspace.o(.text)
    __user_setup_stackheap                   0x08000dbd   Thumb Code    74  sys_stackheap_outer.o(.text)
    exit                                     0x08000e07   Thumb Code    18  exit.o(.text)
    strcmp                                   0x08000e19   Thumb Code   128  strcmpv7m.o(.text)
    _sys_exit                                0x08000e99   Thumb Code     8  sys_exit.o(.text)
    __I$use$semihosting                      0x08000ea5   Thumb Code     0  use_no_semi.o(.text)
    __use_no_semihosting_swi                 0x08000ea5   Thumb Code     2  use_no_semi.o(.text)
    __semihosting_library_function           0x08000ea7   Thumb Code     0  indicate_semi.o(.text)
    _btod_d2e                                0x08000ea7   Thumb Code    62  btod.o(CL$$btod_d2e)
    _d2e_denorm_low                          0x08000ee5   Thumb Code    70  btod.o(CL$$btod_d2e_denorm_low)
    _d2e_norm_op1                            0x08000f2b   Thumb Code    96  btod.o(CL$$btod_d2e_norm_op1)
    __btod_div_common                        0x08000f8b   Thumb Code   696  btod.o(CL$$btod_div_common)
    _e2e                                     0x080012c3   Thumb Code   220  btod.o(CL$$btod_e2e)
    _btod_ediv                               0x0800139f   Thumb Code    42  btod.o(CL$$btod_ediv)
    _btod_emul                               0x080013c9   Thumb Code    42  btod.o(CL$$btod_emul)
    __btod_mult_common                       0x080013f3   Thumb Code   580  btod.o(CL$$btod_mult_common)
    BusFault_Handler                         0x08001637   Thumb Code     2  stm32f1xx_it.o(i.BusFault_Handler)
    DebugMon_Handler                         0x08001639   Thumb Code     2  stm32f1xx_it.o(i.DebugMon_Handler)
    Error_Handler                            0x0800163b   Thumb Code     4  main.o(i.Error_Handler)
    FLASH_PageErase                          0x08001665   Thumb Code    28  stm32f1xx_hal_flash_ex.o(i.FLASH_PageErase)
    FLASH_WaitForLastOperation               0x08001701   Thumb Code    80  stm32f1xx_hal_flash.o(i.FLASH_WaitForLastOperation)
    HAL_DMA_Abort                            0x08001755   Thumb Code    70  stm32f1xx_hal_dma.o(i.HAL_DMA_Abort)
    HAL_DMA_Abort_IT                         0x0800179d   Thumb Code   148  stm32f1xx_hal_dma.o(i.HAL_DMA_Abort_IT)
    HAL_Delay                                0x08001835   Thumb Code    32  stm32f1xx_hal.o(i.HAL_Delay)
    HAL_FLASHEx_Erase                        0x08001859   Thumb Code   160  stm32f1xx_hal_flash_ex.o(i.HAL_FLASHEx_Erase)
    HAL_FLASH_Lock                           0x08001901   Thumb Code    14  stm32f1xx_hal_flash.o(i.HAL_FLASH_Lock)
    HAL_FLASH_Program                        0x08001915   Thumb Code   120  stm32f1xx_hal_flash.o(i.HAL_FLASH_Program)
    HAL_FLASH_Unlock                         0x08001995   Thumb Code    28  stm32f1xx_hal_flash.o(i.HAL_FLASH_Unlock)
    HAL_GPIO_DeInit                          0x080019bd   Thumb Code   254  stm32f1xx_hal_gpio.o(i.HAL_GPIO_DeInit)
    HAL_GPIO_Init                            0x08001ad5   Thumb Code   446  stm32f1xx_hal_gpio.o(i.HAL_GPIO_Init)
    HAL_GPIO_ReadPin                         0x08001cb5   Thumb Code    10  stm32f1xx_hal_gpio.o(i.HAL_GPIO_ReadPin)
    HAL_GPIO_WritePin                        0x08001cbf   Thumb Code    10  stm32f1xx_hal_gpio.o(i.HAL_GPIO_WritePin)
    HAL_GetTick                              0x08001cc9   Thumb Code     6  stm32f1xx_hal.o(i.HAL_GetTick)
    HAL_I2C_Init                             0x08001cd5   Thumb Code   376  stm32f1xx_hal_i2c.o(i.HAL_I2C_Init)
    HAL_I2C_IsDeviceReady                    0x08001e5d   Thumb Code   354  stm32f1xx_hal_i2c.o(i.HAL_I2C_IsDeviceReady)
    HAL_I2C_Master_Transmit                  0x08001fc9   Thumb Code   290  stm32f1xx_hal_i2c.o(i.HAL_I2C_Master_Transmit)
    HAL_I2C_Mem_Read                         0x080020f5   Thumb Code   586  stm32f1xx_hal_i2c.o(i.HAL_I2C_Mem_Read)
    HAL_I2C_Mem_Write                        0x08002351   Thumb Code   294  stm32f1xx_hal_i2c.o(i.HAL_I2C_Mem_Write)
    HAL_I2C_MspInit                          0x08002481   Thumb Code    80  i2c.o(i.HAL_I2C_MspInit)
    HAL_IWDG_Init                            0x080024dd   Thumb Code    94  stm32f1xx_hal_iwdg.o(i.HAL_IWDG_Init)
    HAL_IWDG_Refresh                         0x0800253b   Thumb Code    12  stm32f1xx_hal_iwdg.o(i.HAL_IWDG_Refresh)
    HAL_IncTick                              0x08002549   Thumb Code    12  stm32f1xx_hal.o(i.HAL_IncTick)
    HAL_Init                                 0x08002559   Thumb Code    32  stm32f1xx_hal.o(i.HAL_Init)
    HAL_InitTick                             0x0800257d   Thumb Code    54  stm32f1xx_hal.o(i.HAL_InitTick)
    HAL_MspInit                              0x080025bd   Thumb Code    62  stm32f1xx_hal_msp.o(i.HAL_MspInit)
    HAL_NVIC_DisableIRQ                      0x08002605   Thumb Code    34  stm32f1xx_hal_cortex.o(i.HAL_NVIC_DisableIRQ)
    HAL_NVIC_EnableIRQ                       0x08002627   Thumb Code    26  stm32f1xx_hal_cortex.o(i.HAL_NVIC_EnableIRQ)
    HAL_NVIC_SetPriority                     0x08002641   Thumb Code    60  stm32f1xx_hal_cortex.o(i.HAL_NVIC_SetPriority)
    HAL_NVIC_SetPriorityGrouping             0x08002681   Thumb Code    26  stm32f1xx_hal_cortex.o(i.HAL_NVIC_SetPriorityGrouping)
    HAL_PWR_EnableBkUpAccess                 0x080026a5   Thumb Code     8  stm32f1xx_hal_pwr.o(i.HAL_PWR_EnableBkUpAccess)
    HAL_RCCEx_GetPeriphCLKFreq               0x080026b1   Thumb Code   148  stm32f1xx_hal_rcc_ex.o(i.HAL_RCCEx_GetPeriphCLKFreq)
    HAL_RCCEx_PeriphCLKConfig                0x08002755   Thumb Code   224  stm32f1xx_hal_rcc_ex.o(i.HAL_RCCEx_PeriphCLKConfig)
    HAL_RCC_ClockConfig                      0x08002841   Thumb Code   280  stm32f1xx_hal_rcc.o(i.HAL_RCC_ClockConfig)
    HAL_RCC_GetPCLK1Freq                     0x0800296d   Thumb Code    20  stm32f1xx_hal_rcc.o(i.HAL_RCC_GetPCLK1Freq)
    HAL_RCC_GetPCLK2Freq                     0x0800298d   Thumb Code    20  stm32f1xx_hal_rcc.o(i.HAL_RCC_GetPCLK2Freq)
    HAL_RCC_GetSysClockFreq                  0x080029ad   Thumb Code    58  stm32f1xx_hal_rcc.o(i.HAL_RCC_GetSysClockFreq)
    HAL_RCC_OscConfig                        0x080029f9   Thumb Code   778  stm32f1xx_hal_rcc.o(i.HAL_RCC_OscConfig)
    HAL_RTC_GetDate                          0x08002d19   Thumb Code    78  stm32f1xx_hal_rtc.o(i.HAL_RTC_GetDate)
    HAL_RTC_GetTime                          0x08002d67   Thumb Code   216  stm32f1xx_hal_rtc.o(i.HAL_RTC_GetTime)
    HAL_RTC_Init                             0x08002e41   Thumb Code   144  stm32f1xx_hal_rtc.o(i.HAL_RTC_Init)
    HAL_RTC_MspInit                          0x08002ed5   Thumb Code    40  rtc.o(i.HAL_RTC_MspInit)
    HAL_RTC_SetDate                          0x08002f09   Thumb Code   192  stm32f1xx_hal_rtc.o(i.HAL_RTC_SetDate)
    HAL_RTC_SetTime                          0x08002fcd   Thumb Code   168  stm32f1xx_hal_rtc.o(i.HAL_RTC_SetTime)
    HAL_RTC_WaitForSynchro                   0x08003079   Thumb Code    58  stm32f1xx_hal_rtc.o(i.HAL_RTC_WaitForSynchro)
    HAL_SYSTICK_Config                       0x080030b3   Thumb Code    40  stm32f1xx_hal_cortex.o(i.HAL_SYSTICK_Config)
    HAL_UARTEx_RxEventCallback               0x080030db   Thumb Code     2  stm32f1xx_hal_uart.o(i.HAL_UARTEx_RxEventCallback)
    HAL_UART_DeInit                          0x080030dd   Thumb Code    54  stm32f1xx_hal_uart.o(i.HAL_UART_DeInit)
    HAL_UART_ErrorCallback                   0x08003113   Thumb Code     2  stm32f1xx_hal_uart.o(i.HAL_UART_ErrorCallback)
    HAL_UART_IRQHandler                      0x08003115   Thumb Code   616  stm32f1xx_hal_uart.o(i.HAL_UART_IRQHandler)
    HAL_UART_Init                            0x08003381   Thumb Code   100  stm32f1xx_hal_uart.o(i.HAL_UART_Init)
    HAL_UART_MspDeInit                       0x080033e5   Thumb Code    42  usart.o(i.HAL_UART_MspDeInit)
    HAL_UART_MspInit                         0x0800341d   Thumb Code   116  usart.o(i.HAL_UART_MspInit)
    HAL_UART_Receive                         0x0800349d   Thumb Code   176  stm32f1xx_hal_uart.o(i.HAL_UART_Receive)
    HAL_UART_RxCpltCallback                  0x0800354d   Thumb Code     2  stm32f1xx_hal_uart.o(i.HAL_UART_RxCpltCallback)
    HAL_UART_Transmit                        0x0800354f   Thumb Code   160  stm32f1xx_hal_uart.o(i.HAL_UART_Transmit)
    HAL_UART_TxCpltCallback                  0x080035ef   Thumb Code     2  stm32f1xx_hal_uart.o(i.HAL_UART_TxCpltCallback)
    HardFault_Handler                        0x080035f1   Thumb Code     2  stm32f1xx_it.o(i.HardFault_Handler)
    MX_FREERTOS_Init                         0x08003acd   Thumb Code   160  freertos.o(i.MX_FREERTOS_Init)
    MX_GPIO_Init                             0x08003b75   Thumb Code    94  gpio.o(i.MX_GPIO_Init)
    MX_I2C1_Init                             0x08003bdd   Thumb Code    50  i2c.o(i.MX_I2C1_Init)
    MX_IWDG_Init                             0x08003c1d   Thumb Code    36  iwdg.o(i.MX_IWDG_Init)
    MX_RTC_Init                              0x08003c49   Thumb Code   106  rtc.o(i.MX_RTC_Init)
    MX_USART1_UART_Init                      0x08003cbd   Thumb Code    52  usart.o(i.MX_USART1_UART_Init)
    MemManage_Handler                        0x08003cf9   Thumb Code     2  stm32f1xx_it.o(i.MemManage_Handler)
    NMI_Handler                              0x08003cfb   Thumb Code     2  stm32f1xx_it.o(i.NMI_Handler)
    StartDefaultTask                         0x08003f13   Thumb Code     4  freertos.o(i.StartDefaultTask)
    StartTask02                              0x08003f17   Thumb Code     4  freertos.o(i.StartTask02)
    StartTask03                              0x08003f1b   Thumb Code     4  freertos.o(i.StartTask03)
    StartTask04                              0x08003f1f   Thumb Code     4  freertos.o(i.StartTask04)
    StartTask05                              0x08003f23   Thumb Code     4  freertos.o(i.StartTask05)
    SysTick_Handler                          0x08003f27   Thumb Code    24  stm32f1xx_it.o(i.SysTick_Handler)
    SystemClock_Config                       0x08003f3f   Thumb Code   128  main.o(i.SystemClock_Config)
    SystemInit                               0x08003fbf   Thumb Code     2  system_stm32f1xx.o(i.SystemInit)
    USART1_IRQHandler                        0x0800420d   Thumb Code     6  stm32f1xx_it.o(i.USART1_IRQHandler)
    UsageFault_Handler                       0x08004219   Thumb Code     2  stm32f1xx_it.o(i.UsageFault_Handler)
    __ARM_fpclassify                         0x0800421b   Thumb Code    40  fpclassify.o(i.__ARM_fpclassify)
    _is_digit                                0x08004263   Thumb Code    14  __printf_wp.o(i._is_digit)
    app_log_init                             0x08004271   Thumb Code     2  app_log.o(i.app_log_init)
    app_main_get                             0x08004275   Thumb Code     4  app_main.o(i.app_main_get)
    app_main_init                            0x0800427d   Thumb Code   338  app_main.o(i.app_main_init)
    app_state_get_counters                   0x0800440b   Thumb Code    24  app_state.o(i.app_state_get_counters)
    app_state_init                           0x08004423   Thumb Code    28  app_state.o(i.app_state_init)
    app_state_set_counters                   0x0800443f   Thumb Code    18  app_state.o(i.app_state_set_counters)
    app_state_set_datetime                   0x08004451   Thumb Code    18  app_state.o(i.app_state_set_datetime)
    app_state_set_sample                     0x08004463   Thumb Code    16  app_state.o(i.app_state_set_sample)
    button_service_init                      0x08004473   Thumb Code    30  button_service.o(i.button_service_init)
    button_service_update                    0x08004491   Thumb Code   118  button_service.o(i.button_service_update)
    datastore_init                           0x08004521   Thumb Code    14  datastore.o(i.datastore_init)
    datastore_load_counters                  0x08004535   Thumb Code    76  datastore.o(i.datastore_load_counters)
    datastore_save_counters                  0x08004585   Thumb Code   164  datastore.o(i.datastore_save_counters)
    ds3231_service_get_datetime              0x08004715   Thumb Code   164  ds3231_service.o(i.ds3231_service_get_datetime)
    ds3231_service_init                      0x080047b9   Thumb Code    28  ds3231_service.o(i.ds3231_service_init)
    ds3231_service_is_present                0x080047d5   Thumb Code    54  ds3231_service.o(i.ds3231_service_is_present)
    ds3231_service_set_datetime              0x0800480b   Thumb Code   142  ds3231_service.o(i.ds3231_service_set_datetime)
    ds3231_service_tick                      0x08004899   Thumb Code   114  ds3231_service.o(i.ds3231_service_tick)
    lcd_service_init                         0x080049d7   Thumb Code    48  lcd_service.o(i.lcd_service_init)
    lcd_service_next_page                    0x08004a07   Thumb Code    22  lcd_service.o(i.lcd_service_next_page)
    lcd_service_render                       0x08004a1d   Thumb Code   264  lcd_service.o(i.lcd_service_render)
    main                                     0x08004c11   Thumb Code    38  main.o(i.main)
    meter_service_init                       0x08004cb3   Thumb Code    28  meter_service.o(i.meter_service_init)
    meter_service_read                       0x08004ccf   Thumb Code   234  meter_service.o(i.meter_service_read)
    modbus_rtu_get_iface                     0x08004df9   Thumb Code    16  modbus_rtu.o(i.modbus_rtu_get_iface)
    modbus_rtu_init                          0x08004e0d   Thumb Code    52  modbus_rtu.o(i.modbus_rtu_init)
    modbus_rtu_read_registers                0x08004f2f   Thumb Code    58  modbus_rtu.o(i.modbus_rtu_read_registers)
    osDelay                                  0x08004f69   Thumb Code    14  cmsis_os.o(i.osDelay)
    osKernelStart                            0x08004f77   Thumb Code    10  cmsis_os.o(i.osKernelStart)
    osMessageCreate                          0x08004f81   Thumb Code    38  cmsis_os.o(i.osMessageCreate)
    osMessageGet                             0x08004fa9   Thumb Code   144  cmsis_os.o(i.osMessageGet)
    osMessagePut                             0x0800503d   Thumb Code    86  cmsis_os.o(i.osMessagePut)
    osMutexCreate                            0x08005099   Thumb Code    16  cmsis_os.o(i.osMutexCreate)
    osMutexRelease                           0x080050a9   Thumb Code    74  cmsis_os.o(i.osMutexRelease)
    osMutexWait                              0x080050f9   Thumb Code    96  cmsis_os.o(i.osMutexWait)
    osThreadCreate                           0x0800515d   Thumb Code    84  cmsis_os.o(i.osThreadCreate)
    pvPortMalloc                             0x08005645   Thumb Code   216  heap_4.o(i.pvPortMalloc)
    pvTaskIncrementMutexHeldCount            0x08005721   Thumb Code    18  tasks_1.o(i.pvTaskIncrementMutexHeldCount)
    pxPortInitialiseStack                    0x08005739   Thumb Code    32  port.o(i.pxPortInitialiseStack)
    queues_get_latest_meter_sample           0x0800575d   Thumb Code    30  queues.o(i.queues_get_latest_meter_sample)
    queues_get_meter_mutex                   0x08005781   Thumb Code     6  queues.o(i.queues_get_meter_mutex)
    queues_init                              0x0800578d   Thumb Code    18  queues.o(i.queues_init)
    queues_publish_meter_sample              0x080057a5   Thumb Code    38  queues.o(i.queues_publish_meter_sample)
    queues_signal_event                      0x080057d1   Thumb Code    36  queues.o(i.queues_signal_event)
    queues_wait_event                        0x080057f9   Thumb Code    36  queues.o(i.queues_wait_event)
    rs485_phy_apply_uart_config              0x08005821   Thumb Code    96  rs485_phy.o(i.rs485_phy_apply_uart_config)
    rs485_phy_init                           0x08005881   Thumb Code    30  rs485_phy.o(i.rs485_phy_init)
    rs485_phy_transceive                     0x080058ff   Thumb Code   104  rs485_phy.o(i.rs485_phy_transceive)
    tasks_lcd                                0x08005977   Thumb Code   110  tasks.o(i.tasks_lcd)
    tasks_rs485                              0x080059e5   Thumb Code    62  tasks.o(i.tasks_rs485)
    tasks_tou                                0x08005a23   Thumb Code   192  tasks.o(i.tasks_tou)
    tasks_ui                                 0x08005ae3   Thumb Code   196  tasks.o(i.tasks_ui)
    tasks_wdg                                0x08005ba7   Thumb Code    26  tasks.o(i.tasks_wdg)
    time_service_get_datetime                0x08005c55   Thumb Code    84  time_service.o(i.time_service_get_datetime)
    time_service_get_iface                   0x08005ca9   Thumb Code    24  time_service.o(i.time_service_get_iface)
    time_service_init                        0x08005ccd   Thumb Code    12  time_service.o(i.time_service_init)
    time_service_now_epoch                   0x08005cff   Thumb Code    20  time_service.o(i.time_service_now_epoch)
    time_service_set_datetime                0x08005d15   Thumb Code   160  time_service.o(i.time_service_set_datetime)
    tou_energy_service_bucket_for_time       0x08005db9   Thumb Code    56  tou_energy_service.o(i.tou_energy_service_bucket_for_time)
    tou_energy_service_clear_rollover        0x08005df1   Thumb Code    12  tou_energy_service.o(i.tou_energy_service_clear_rollover)
    tou_energy_service_day_rollover          0x08005dfd   Thumb Code    10  tou_energy_service.o(i.tou_energy_service_day_rollover)
    tou_energy_service_get_counters          0x08005e07   Thumb Code    24  tou_energy_service.o(i.tou_energy_service_get_counters)
    tou_energy_service_get_last_date         0x08005e1f   Thumb Code    18  tou_energy_service.o(i.tou_energy_service_get_last_date)
    tou_energy_service_init                  0x08005e31   Thumb Code    60  tou_energy_service.o(i.tou_energy_service_init)
    tou_energy_service_set_last_date         0x08005e6d   Thumb Code    18  tou_energy_service.o(i.tou_energy_service_set_last_date)
    tou_energy_service_update                0x08005e81   Thumb Code   126  tou_energy_service.o(i.tou_energy_service_update)
    uxListRemove                             0x08005ff7   Thumb Code    38  list.o(i.uxListRemove)
    vApplicationGetIdleTaskMemory            0x0800601d   Thumb Code    16  freertos.o(i.vApplicationGetIdleTaskMemory)
    vListInitialise                          0x08006031   Thumb Code    22  list.o(i.vListInitialise)
    vListInitialiseItem                      0x08006047   Thumb Code     6  list.o(i.vListInitialiseItem)
    vListInsert                              0x0800604d   Thumb Code    48  list.o(i.vListInsert)
    vListInsertEnd                           0x0800607d   Thumb Code    24  list.o(i.vListInsertEnd)
    vPortEnterCritical                       0x08006095   Thumb Code    54  port.o(i.vPortEnterCritical)
    vPortExitCritical                        0x080060d5   Thumb Code    34  port.o(i.vPortExitCritical)
    vPortFree                                0x080060fd   Thumb Code    94  heap_4.o(i.vPortFree)
    vPortSetupTimerInterrupt                 0x08006161   Thumb Code    32  port.o(i.vPortSetupTimerInterrupt)
    vPortValidateInterruptPriority           0x08006185   Thumb Code    74  port.o(i.vPortValidateInterruptPriority)
    vTaskDelay                               0x080061d9   Thumb Code    66  tasks_1.o(i.vTaskDelay)
    vTaskInternalSetTimeOutState             0x08006225   Thumb Code    12  tasks_1.o(i.vTaskInternalSetTimeOutState)
    vTaskMissedYield                         0x08006235   Thumb Code     8  tasks_1.o(i.vTaskMissedYield)
    vTaskPlaceOnEventList                    0x08006241   Thumb Code    44  tasks_1.o(i.vTaskPlaceOnEventList)
    vTaskPriorityDisinheritAfterTimeout      0x08006271   Thumb Code   152  tasks_1.o(i.vTaskPriorityDisinheritAfterTimeout)
    vTaskStartScheduler                      0x08006311   Thumb Code    90  tasks_1.o(i.vTaskStartScheduler)
    vTaskSuspendAll                          0x0800637d   Thumb Code    10  tasks_1.o(i.vTaskSuspendAll)
    vTaskSwitchContext                       0x0800638d   Thumb Code    82  tasks_1.o(i.vTaskSwitchContext)
    watchdog_service_all_alive               0x080063e9   Thumb Code    44  watchdog_service.o(i.watchdog_service_all_alive)
    watchdog_service_feed_if_alive           0x08006415   Thumb Code    26  watchdog_service.o(i.watchdog_service_feed_if_alive)
    watchdog_service_heartbeat               0x0800642f   Thumb Code    24  watchdog_service.o(i.watchdog_service_heartbeat)
    watchdog_service_init                    0x08006447   Thumb Code    36  watchdog_service.o(i.watchdog_service_init)
    xPortStartScheduler                      0x0800646d   Thumb Code   154  port.o(i.xPortStartScheduler)
    xPortSysTickHandler                      0x08006515   Thumb Code    38  port.o(i.xPortSysTickHandler)
    xQueueCreateMutex                        0x08006541   Thumb Code    22  queue.o(i.xQueueCreateMutex)
    xQueueCreateMutexStatic                  0x08006557   Thumb Code    26  queue.o(i.xQueueCreateMutexStatic)
    xQueueGenericCreate                      0x08006571   Thumb Code    66  queue.o(i.xQueueGenericCreate)
    xQueueGenericCreateStatic                0x080065b3   Thumb Code   102  queue.o(i.xQueueGenericCreateStatic)
    xQueueGenericReset                       0x08006619   Thumb Code   132  queue.o(i.xQueueGenericReset)
    xQueueGenericSend                        0x080066a1   Thumb Code   346  queue.o(i.xQueueGenericSend)
    xQueueGenericSendFromISR                 0x08006801   Thumb Code   190  queue.o(i.xQueueGenericSendFromISR)
    xQueueGiveFromISR                        0x080068bf   Thumb Code   156  queue.o(i.xQueueGiveFromISR)
    xQueuePeek                               0x0800695d   Thumb Code   302  queue.o(i.xQueuePeek)
    xQueueReceive                            0x08006a91   Thumb Code   308  queue.o(i.xQueueReceive)
    xQueueReceiveFromISR                     0x08006bc9   Thumb Code   154  queue.o(i.xQueueReceiveFromISR)
    xQueueSemaphoreTake                      0x08006c65   Thumb Code   372  queue.o(i.xQueueSemaphoreTake)
    xTaskCheckForTimeOut                     0x08006ddd   Thumb Code   112  tasks_1.o(i.xTaskCheckForTimeOut)
    xTaskCreate                              0x08006e51   Thumb Code    90  tasks_1.o(i.xTaskCreate)
    xTaskCreateStatic                        0x08006eab   Thumb Code    86  tasks_1.o(i.xTaskCreateStatic)
    xTaskGetSchedulerState                   0x08006f01   Thumb Code    22  tasks_1.o(i.xTaskGetSchedulerState)
    xTaskIncrementTick                       0x08006f1d   Thumb Code   194  tasks_1.o(i.xTaskIncrementTick)
    xTaskPriorityDisinherit                  0x08006fe9   Thumb Code   144  tasks_1.o(i.xTaskPriorityDisinherit)
    xTaskPriorityInherit                     0x08007081   Thumb Code   130  tasks_1.o(i.xTaskPriorityInherit)
    xTaskRemoveFromEventList                 0x0800710d   Thumb Code   108  tasks_1.o(i.xTaskRemoveFromEventList)
    xTaskResumeAll                           0x08007181   Thumb Code   182  tasks_1.o(i.xTaskResumeAll)
    _get_lc_numeric                          0x08007245   Thumb Code    44  lc_numeric_c.o(locale$$code)
    __fpl_dretinf                            0x08007271   Thumb Code    12  dretinf.o(x$fpl$dretinf)
    __aeabi_f2d                              0x0800727d   Thumb Code     0  f2d.o(x$fpl$f2d)
    _f2d                                     0x0800727d   Thumb Code    86  f2d.o(x$fpl$f2d)
    __aeabi_fadd                             0x080072d5   Thumb Code     0  faddsub_clz.o(x$fpl$fadd)
    _fadd                                    0x080072d5   Thumb Code   196  faddsub_clz.o(x$fpl$fadd)
    __aeabi_fdiv                             0x08007399   Thumb Code     0  fdiv.o(x$fpl$fdiv)
    _fdiv                                    0x08007399   Thumb Code   384  fdiv.o(x$fpl$fdiv)
    __aeabi_ui2f                             0x0800751d   Thumb Code     0  fflt_clz.o(x$fpl$ffltu)
    _ffltu                                   0x0800751d   Thumb Code    38  fflt_clz.o(x$fpl$ffltu)
    __aeabi_fmul                             0x08007545   Thumb Code     0  fmul.o(x$fpl$fmul)
    _fmul                                    0x08007545   Thumb Code   258  fmul.o(x$fpl$fmul)
    __fpl_fnaninf                            0x08007647   Thumb Code   140  fnaninf.o(x$fpl$fnaninf)
    __fpl_fretinf                            0x080076d3   Thumb Code    10  fretinf.o(x$fpl$fretinf)
    __aeabi_fsub                             0x080076dd   Thumb Code     0  faddsub_clz.o(x$fpl$fsub)
    _fsub                                    0x080076dd   Thumb Code   234  faddsub_clz.o(x$fpl$fsub)
    _printf_fp_dec                           0x080077c7   Thumb Code     4  printf1.o(x$fpl$printf1)
    __I$use$fp                               0x080077ca   Number         0  usenofp.o(x$fpl$usenofp)
    g_meter_register_map                     0x08007882   Data          36  meter_register_map.o(.constdata)
    AHBPrescTable                            0x080078a6   Data          16  system_stm32f1xx.o(.constdata)
    APBPrescTable                            0x080078b6   Data           8  system_stm32f1xx.o(.constdata)
    Region$$Table$$Base                      0x080079d8   Number         0  anon$$obj.o(Region$$Table)
    Region$$Table$$Limit                     0x080079f8   Number         0  anon$$obj.o(Region$$Table)
    rs485TaskHandle                          0x20000000   Data           4  freertos.o(.data)
    touTaskHandle                            0x20000004   Data           4  freertos.o(.data)
    lcdTaskHandle                            0x20000008   Data           4  freertos.o(.data)
    uiTaskHandle                             0x2000000c   Data           4  freertos.o(.data)
    wdgTaskHandle                            0x20000010   Data           4  freertos.o(.data)
    qMeterHandle                             0x20000014   Data           4  freertos.o(.data)
    mMeterHandle                             0x20000018   Data           4  freertos.o(.data)
    SystemCoreClock                          0x20000020   Data           4  system_stm32f1xx.o(.data)
    uwTickFreq                               0x20000024   Data           1  stm32f1xx_hal.o(.data)
    uwTickPrio                               0x20000028   Data           4  stm32f1xx_hal.o(.data)
    uwTick                                   0x2000002c   Data           4  stm32f1xx_hal.o(.data)
    pxCurrentTCB                             0x20000030   Data           4  tasks_1.o(.data)
    hi2c1                                    0x200002ec   Data          84  i2c.o(.bss)
    hiwdg                                    0x20000340   Data          12  iwdg.o(.bss)
    hrtc                                     0x2000034c   Data          20  rtc.o(.bss)
    huart1                                   0x20000360   Data          72  usart.o(.bss)
    pFlash                                   0x200004e8   Data          32  stm32f1xx_hal_flash.o(.bss)
    __libspace_start                         0x200035f8   Data          96  libspace.o(.bss)
    __temporary_stack_top$libspace           0x20003658   Data           0  libspace.o(.bss)



==============================================================================

Memory Map of the image

  Image Entry point : 0x080000ed

  Load Region LR_IROM1 (Base: 0x08000000, Size: 0x00007aac, Max: 0x00010000, ABSOLUTE)

    Execution Region ER_IROM1 (Exec base: 0x08000000, Load base: 0x08000000, Size: 0x00007a14, Max: 0x00010000, ABSOLUTE)

    Exec Addr    Load Addr    Size         Type   Attr      Idx    E Section Name        Object

    0x08000000   0x08000000   0x000000ec   Data   RO            3    RESET               startup_stm32f103xb.o
    0x080000ec   0x080000ec   0x00000008   Code   RO         5037  * !!!main             c_w.l(__main.o)
    0x080000f4   0x080000f4   0x00000034   Code   RO         5283    !!!scatter          c_w.l(__scatter.o)
    0x08000128   0x08000128   0x0000001a   Code   RO         5285    !!handler_copy      c_w.l(__scatter_copy.o)
    0x08000142   0x08000142   0x00000002   PAD
    0x08000144   0x08000144   0x0000001c   Code   RO         5287    !!handler_zi        c_w.l(__scatter_zi.o)
    0x08000160   0x08000160   0x00000000   Code   RO         5026    .ARM.Collect$$_printf_percent$$00000000  c_w.l(_printf_percent.o)
    0x08000160   0x08000160   0x00000006   Code   RO         5025    .ARM.Collect$$_printf_percent$$00000003  c_w.l(_printf_f.o)
    0x08000166   0x08000166   0x00000006   Code   RO         5024    .ARM.Collect$$_printf_percent$$0000000A  c_w.l(_printf_u.o)
    0x0800016c   0x0800016c   0x00000006   Code   RO         5023    .ARM.Collect$$_printf_percent$$00000014  c_w.l(_printf_s.o)
    0x08000172   0x08000172   0x00000004   Code   RO         5074    .ARM.Collect$$_printf_percent$$00000017  c_w.l(_printf_percent_end.o)
    0x08000176   0x08000176   0x00000002   Code   RO         5156    .ARM.Collect$$libinit$$00000000  c_w.l(libinit.o)
    0x08000178   0x08000178   0x00000000   Code   RO         5158    .ARM.Collect$$libinit$$00000002  c_w.l(libinit2.o)
    0x08000178   0x08000178   0x00000000   Code   RO         5160    .ARM.Collect$$libinit$$00000004  c_w.l(libinit2.o)
    0x08000178   0x08000178   0x00000000   Code   RO         5163    .ARM.Collect$$libinit$$0000000A  c_w.l(libinit2.o)
    0x08000178   0x08000178   0x00000000   Code   RO         5165    .ARM.Collect$$libinit$$0000000C  c_w.l(libinit2.o)
    0x08000178   0x08000178   0x00000000   Code   RO         5167    .ARM.Collect$$libinit$$0000000E  c_w.l(libinit2.o)
    0x08000178   0x08000178   0x00000006   Code   RO         5168    .ARM.Collect$$libinit$$0000000F  c_w.l(libinit2.o)
    0x0800017e   0x0800017e   0x00000000   Code   RO         5170    .ARM.Collect$$libinit$$00000011  c_w.l(libinit2.o)
    0x0800017e   0x0800017e   0x00000000   Code   RO         5172    .ARM.Collect$$libinit$$00000013  c_w.l(libinit2.o)
    0x0800017e   0x0800017e   0x00000000   Code   RO         5174    .ARM.Collect$$libinit$$00000015  c_w.l(libinit2.o)
    0x0800017e   0x0800017e   0x0000000a   Code   RO         5175    .ARM.Collect$$libinit$$00000016  c_w.l(libinit2.o)
    0x08000188   0x08000188   0x00000000   Code   RO         5176    .ARM.Collect$$libinit$$00000017  c_w.l(libinit2.o)
    0x08000188   0x08000188   0x00000000   Code   RO         5178    .ARM.Collect$$libinit$$00000019  c_w.l(libinit2.o)
    0x08000188   0x08000188   0x00000000   Code   RO         5180    .ARM.Collect$$libinit$$0000001B  c_w.l(libinit2.o)
    0x08000188   0x08000188   0x00000000   Code   RO         5182    .ARM.Collect$$libinit$$0000001D  c_w.l(libinit2.o)
    0x08000188   0x08000188   0x00000000   Code   RO         5184    .ARM.Collect$$libinit$$0000001F  c_w.l(libinit2.o)
    0x08000188   0x08000188   0x00000000   Code   RO         5186    .ARM.Collect$$libinit$$00000021  c_w.l(libinit2.o)
    0x08000188   0x08000188   0x00000000   Code   RO         5188    .ARM.Collect$$libinit$$00000023  c_w.l(libinit2.o)
    0x08000188   0x08000188   0x00000000   Code   RO         5190    .ARM.Collect$$libinit$$00000025  c_w.l(libinit2.o)
    0x08000188   0x08000188   0x00000000   Code   RO         5194    .ARM.Collect$$libinit$$0000002C  c_w.l(libinit2.o)
    0x08000188   0x08000188   0x00000000   Code   RO         5196    .ARM.Collect$$libinit$$0000002E  c_w.l(libinit2.o)
    0x08000188   0x08000188   0x00000000   Code   RO         5198    .ARM.Collect$$libinit$$00000030  c_w.l(libinit2.o)
    0x08000188   0x08000188   0x00000000   Code   RO         5200    .ARM.Collect$$libinit$$00000032  c_w.l(libinit2.o)
    0x08000188   0x08000188   0x00000002   Code   RO         5201    .ARM.Collect$$libinit$$00000033  c_w.l(libinit2.o)
    0x0800018a   0x0800018a   0x00000002   Code   RO         5231    .ARM.Collect$$libshutdown$$00000000  c_w.l(libshutdown.o)
    0x0800018c   0x0800018c   0x00000000   Code   RO         5242    .ARM.Collect$$libshutdown$$00000002  c_w.l(libshutdown2.o)
    0x0800018c   0x0800018c   0x00000000   Code   RO         5244    .ARM.Collect$$libshutdown$$00000004  c_w.l(libshutdown2.o)
    0x0800018c   0x0800018c   0x00000000   Code   RO         5247    .ARM.Collect$$libshutdown$$00000007  c_w.l(libshutdown2.o)
    0x0800018c   0x0800018c   0x00000000   Code   RO         5250    .ARM.Collect$$libshutdown$$0000000A  c_w.l(libshutdown2.o)
    0x0800018c   0x0800018c   0x00000000   Code   RO         5252    .ARM.Collect$$libshutdown$$0000000C  c_w.l(libshutdown2.o)
    0x0800018c   0x0800018c   0x00000000   Code   RO         5255    .ARM.Collect$$libshutdown$$0000000F  c_w.l(libshutdown2.o)
    0x0800018c   0x0800018c   0x00000002   Code   RO         5256    .ARM.Collect$$libshutdown$$00000010  c_w.l(libshutdown2.o)
    0x0800018e   0x0800018e   0x00000000   Code   RO         5061    .ARM.Collect$$rtentry$$00000000  c_w.l(__rtentry.o)
    0x0800018e   0x0800018e   0x00000000   Code   RO         5085    .ARM.Collect$$rtentry$$00000002  c_w.l(__rtentry2.o)
    0x0800018e   0x0800018e   0x00000006   Code   RO         5097    .ARM.Collect$$rtentry$$00000004  c_w.l(__rtentry4.o)
    0x08000194   0x08000194   0x00000000   Code   RO         5087    .ARM.Collect$$rtentry$$00000009  c_w.l(__rtentry2.o)
    0x08000194   0x08000194   0x00000004   Code   RO         5088    .ARM.Collect$$rtentry$$0000000A  c_w.l(__rtentry2.o)
    0x08000198   0x08000198   0x00000000   Code   RO         5090    .ARM.Collect$$rtentry$$0000000C  c_w.l(__rtentry2.o)
    0x08000198   0x08000198   0x00000008   Code   RO         5091    .ARM.Collect$$rtentry$$0000000D  c_w.l(__rtentry2.o)
    0x080001a0   0x080001a0   0x00000002   Code   RO         5202    .ARM.Collect$$rtexit$$00000000  c_w.l(rtexit.o)
    0x080001a2   0x080001a2   0x00000000   Code   RO         5209    .ARM.Collect$$rtexit$$00000002  c_w.l(rtexit2.o)
    0x080001a2   0x080001a2   0x00000004   Code   RO         5210    .ARM.Collect$$rtexit$$00000003  c_w.l(rtexit2.o)
    0x080001a6   0x080001a6   0x00000006   Code   RO         5211    .ARM.Collect$$rtexit$$00000004  c_w.l(rtexit2.o)
    0x080001ac   0x080001ac   0x00000096   Code   RO         4910    .emb_text           port.o
    0x08000242   0x08000242   0x00000002   PAD
    0x08000244   0x08000244   0x00000040   Code   RO            4    .text               startup_stm32f103xb.o
    0x08000284   0x08000284   0x00000026   Code   RO         4989    .text               c_w.l(llushr.o)
    0x080002aa   0x080002aa   0x00000002   PAD
    0x080002ac   0x080002ac   0x00000034   Code   RO         4993    .text               c_w.l(noretval__2snprintf.o)
    0x080002e0   0x080002e0   0x0000004e   Code   RO         4997    .text               c_w.l(_printf_pad.o)
    0x0800032e   0x0800032e   0x00000052   Code   RO         4999    .text               c_w.l(_printf_str.o)
    0x08000380   0x08000380   0x00000078   Code   RO         5001    .text               c_w.l(_printf_dec.o)
    0x080003f8   0x080003f8   0x00000138   Code   RO         5015    .text               c_w.l(__printf_flags_wp.o)
    0x08000530   0x08000530   0x0000008a   Code   RO         5027    .text               c_w.l(rt_memcpy_v6.o)
    0x080005ba   0x080005ba   0x00000064   Code   RO         5029    .text               c_w.l(rt_memcpy_w.o)
    0x0800061e   0x0800061e   0x0000004e   Code   RO         5033    .text               c_w.l(rt_memclr_w.o)
    0x0800066c   0x0800066c   0x00000006   Code   RO         5035    .text               c_w.l(heapauxi.o)
    0x08000672   0x08000672   0x000000b2   Code   RO         5062    .text               c_w.l(_printf_intcommon.o)
    0x08000724   0x08000724   0x0000041e   Code   RO         5064    .text               c_w.l(_printf_fp_dec.o)
    0x08000b42   0x08000b42   0x00000002   PAD
    0x08000b44   0x08000b44   0x00000030   Code   RO         5066    .text               c_w.l(_printf_char_common.o)
    0x08000b74   0x08000b74   0x0000000a   Code   RO         5068    .text               c_w.l(_sputc.o)
    0x08000b7e   0x08000b7e   0x00000010   Code   RO         5070    .text               c_w.l(_snputc.o)
    0x08000b8e   0x08000b8e   0x0000002c   Code   RO         5072    .text               c_w.l(_printf_char.o)
    0x08000bba   0x08000bba   0x00000002   PAD
    0x08000bbc   0x08000bbc   0x00000008   Code   RO         5102    .text               c_w.l(rt_locale_intlibspace.o)
    0x08000bc4   0x08000bc4   0x0000008a   Code   RO         5104    .text               c_w.l(lludiv10.o)
    0x08000c4e   0x08000c4e   0x00000002   PAD
    0x08000c50   0x08000c50   0x00000080   Code   RO         5106    .text               c_w.l(_printf_fp_infnan.o)
    0x08000cd0   0x08000cd0   0x000000e4   Code   RO         5110    .text               c_w.l(bigflt0.o)
    0x08000db4   0x08000db4   0x00000008   Code   RO         5142    .text               c_w.l(libspace.o)
    0x08000dbc   0x08000dbc   0x0000004a   Code   RO         5145    .text               c_w.l(sys_stackheap_outer.o)
    0x08000e06   0x08000e06   0x00000012   Code   RO         5147    .text               c_w.l(exit.o)
    0x08000e18   0x08000e18   0x00000080   Code   RO         5149    .text               c_w.l(strcmpv7m.o)
    0x08000e98   0x08000e98   0x0000000c   Code   RO         5221    .text               c_w.l(sys_exit.o)
    0x08000ea4   0x08000ea4   0x00000002   Code   RO         5232    .text               c_w.l(use_no_semi.o)
    0x08000ea6   0x08000ea6   0x00000000   Code   RO         5234    .text               c_w.l(indicate_semi.o)
    0x08000ea6   0x08000ea6   0x0000003e   Code   RO         5113    CL$$btod_d2e        c_w.l(btod.o)
    0x08000ee4   0x08000ee4   0x00000046   Code   RO         5115    CL$$btod_d2e_denorm_low  c_w.l(btod.o)
    0x08000f2a   0x08000f2a   0x00000060   Code   RO         5114    CL$$btod_d2e_norm_op1  c_w.l(btod.o)
    0x08000f8a   0x08000f8a   0x00000338   Code   RO         5123    CL$$btod_div_common  c_w.l(btod.o)
    0x080012c2   0x080012c2   0x000000dc   Code   RO         5120    CL$$btod_e2e        c_w.l(btod.o)
    0x0800139e   0x0800139e   0x0000002a   Code   RO         5117    CL$$btod_ediv       c_w.l(btod.o)
    0x080013c8   0x080013c8   0x0000002a   Code   RO         5116    CL$$btod_emul       c_w.l(btod.o)
    0x080013f2   0x080013f2   0x00000244   Code   RO         5122    CL$$btod_mult_common  c_w.l(btod.o)
    0x08001636   0x08001636   0x00000002   Code   RO          522    i.BusFault_Handler  stm32f1xx_it.o
    0x08001638   0x08001638   0x00000002   Code   RO          523    i.DebugMon_Handler  stm32f1xx_it.o
    0x0800163a   0x0800163a   0x00000004   Code   RO           13    i.Error_Handler     main.o
    0x0800163e   0x0800163e   0x00000002   PAD
    0x08001640   0x08001640   0x00000024   Code   RO         2437    i.FLASH_MassErase   stm32f1xx_hal_flash_ex.o
    0x08001664   0x08001664   0x00000024   Code   RO         2442    i.FLASH_PageErase   stm32f1xx_hal_flash_ex.o
    0x08001688   0x08001688   0x0000001c   Code   RO         2334    i.FLASH_Program_HalfWord  stm32f1xx_hal_flash.o
    0x080016a4   0x080016a4   0x0000005c   Code   RO         2335    i.FLASH_SetErrorCode  stm32f1xx_hal_flash.o
    0x08001700   0x08001700   0x00000054   Code   RO         2336    i.FLASH_WaitForLastOperation  stm32f1xx_hal_flash.o
    0x08001754   0x08001754   0x00000046   Code   RO         1998    i.HAL_DMA_Abort     stm32f1xx_hal_dma.o
    0x0800179a   0x0800179a   0x00000002   PAD
    0x0800179c   0x0800179c   0x00000098   Code   RO         1999    i.HAL_DMA_Abort_IT  stm32f1xx_hal_dma.o
    0x08001834   0x08001834   0x00000024   Code   RO         1624    i.HAL_Delay         stm32f1xx_hal.o
    0x08001858   0x08001858   0x000000a8   Code   RO         2443    i.HAL_FLASHEx_Erase  stm32f1xx_hal_flash_ex.o
    0x08001900   0x08001900   0x00000014   Code   RO         2340    i.HAL_FLASH_Lock    stm32f1xx_hal_flash.o
    0x08001914   0x08001914   0x00000080   Code   RO         2345    i.HAL_FLASH_Program  stm32f1xx_hal_flash.o
    0x08001994   0x08001994   0x00000028   Code   RO         2347    i.HAL_FLASH_Unlock  stm32f1xx_hal_flash.o
    0x080019bc   0x080019bc   0x00000118   Code   RO         1931    i.HAL_GPIO_DeInit   stm32f1xx_hal_gpio.o
    0x08001ad4   0x08001ad4   0x000001e0   Code   RO         1934    i.HAL_GPIO_Init     stm32f1xx_hal_gpio.o
    0x08001cb4   0x08001cb4   0x0000000a   Code   RO         1936    i.HAL_GPIO_ReadPin  stm32f1xx_hal_gpio.o
    0x08001cbe   0x08001cbe   0x0000000a   Code   RO         1938    i.HAL_GPIO_WritePin  stm32f1xx_hal_gpio.o
    0x08001cc8   0x08001cc8   0x0000000c   Code   RO         1628    i.HAL_GetTick       stm32f1xx_hal.o
    0x08001cd4   0x08001cd4   0x00000188   Code   RO         2605    i.HAL_I2C_Init      stm32f1xx_hal_i2c.o
    0x08001e5c   0x08001e5c   0x0000016c   Code   RO         2606    i.HAL_I2C_IsDeviceReady  stm32f1xx_hal_i2c.o
    0x08001fc8   0x08001fc8   0x0000012c   Code   RO         2618    i.HAL_I2C_Master_Transmit  stm32f1xx_hal_i2c.o
    0x080020f4   0x080020f4   0x0000025c   Code   RO         2623    i.HAL_I2C_Mem_Read  stm32f1xx_hal_i2c.o
    0x08002350   0x08002350   0x00000130   Code   RO         2626    i.HAL_I2C_Mem_Write  stm32f1xx_hal_i2c.o
    0x08002480   0x08002480   0x0000005c   Code   RO          367    i.HAL_I2C_MspInit   i2c.o
    0x080024dc   0x080024dc   0x0000005e   Code   RO         3031    i.HAL_IWDG_Init     stm32f1xx_hal_iwdg.o
    0x0800253a   0x0800253a   0x0000000c   Code   RO         3032    i.HAL_IWDG_Refresh  stm32f1xx_hal_iwdg.o
    0x08002546   0x08002546   0x00000002   PAD
    0x08002548   0x08002548   0x00000010   Code   RO         1634    i.HAL_IncTick       stm32f1xx_hal.o
    0x08002558   0x08002558   0x00000024   Code   RO         1635    i.HAL_Init          stm32f1xx_hal.o
    0x0800257c   0x0800257c   0x00000040   Code   RO         1636    i.HAL_InitTick      stm32f1xx_hal.o
    0x080025bc   0x080025bc   0x00000048   Code   RO          592    i.HAL_MspInit       stm32f1xx_hal_msp.o
    0x08002604   0x08002604   0x00000022   Code   RO         2093    i.HAL_NVIC_DisableIRQ  stm32f1xx_hal_cortex.o
    0x08002626   0x08002626   0x0000001a   Code   RO         2094    i.HAL_NVIC_EnableIRQ  stm32f1xx_hal_cortex.o
    0x08002640   0x08002640   0x00000040   Code   RO         2100    i.HAL_NVIC_SetPriority  stm32f1xx_hal_cortex.o
    0x08002680   0x08002680   0x00000024   Code   RO         2101    i.HAL_NVIC_SetPriorityGrouping  stm32f1xx_hal_cortex.o
    0x080026a4   0x080026a4   0x0000000c   Code   RO         2216    i.HAL_PWR_EnableBkUpAccess  stm32f1xx_hal_pwr.o
    0x080026b0   0x080026b0   0x000000a4   Code   RO         1895    i.HAL_RCCEx_GetPeriphCLKFreq  stm32f1xx_hal_rcc_ex.o
    0x08002754   0x08002754   0x000000ec   Code   RO         1896    i.HAL_RCCEx_PeriphCLKConfig  stm32f1xx_hal_rcc_ex.o
    0x08002840   0x08002840   0x0000012c   Code   RO         1792    i.HAL_RCC_ClockConfig  stm32f1xx_hal_rcc.o
    0x0800296c   0x0800296c   0x00000020   Code   RO         1799    i.HAL_RCC_GetPCLK1Freq  stm32f1xx_hal_rcc.o
    0x0800298c   0x0800298c   0x00000020   Code   RO         1800    i.HAL_RCC_GetPCLK2Freq  stm32f1xx_hal_rcc.o
    0x080029ac   0x080029ac   0x0000004c   Code   RO         1801    i.HAL_RCC_GetSysClockFreq  stm32f1xx_hal_rcc.o
    0x080029f8   0x080029f8   0x00000320   Code   RO         1804    i.HAL_RCC_OscConfig  stm32f1xx_hal_rcc.o
    0x08002d18   0x08002d18   0x0000004e   Code   RO         3066    i.HAL_RTC_GetDate   stm32f1xx_hal_rtc.o
    0x08002d66   0x08002d66   0x000000d8   Code   RO         3068    i.HAL_RTC_GetTime   stm32f1xx_hal_rtc.o
    0x08002e3e   0x08002e3e   0x00000002   PAD
    0x08002e40   0x08002e40   0x00000094   Code   RO         3069    i.HAL_RTC_Init      stm32f1xx_hal_rtc.o
    0x08002ed4   0x08002ed4   0x00000034   Code   RO          439    i.HAL_RTC_MspInit   rtc.o
    0x08002f08   0x08002f08   0x000000c4   Code   RO         3075    i.HAL_RTC_SetDate   stm32f1xx_hal_rtc.o
    0x08002fcc   0x08002fcc   0x000000ac   Code   RO         3076    i.HAL_RTC_SetTime   stm32f1xx_hal_rtc.o
    0x08003078   0x08003078   0x0000003a   Code   RO         3077    i.HAL_RTC_WaitForSynchro  stm32f1xx_hal_rtc.o
    0x080030b2   0x080030b2   0x00000028   Code   RO         2105    i.HAL_SYSTICK_Config  stm32f1xx_hal_cortex.o
    0x080030da   0x080030da   0x00000002   Code   RO         3345    i.HAL_UARTEx_RxEventCallback  stm32f1xx_hal_uart.o
    0x080030dc   0x080030dc   0x00000036   Code   RO         3358    i.HAL_UART_DeInit   stm32f1xx_hal_uart.o
    0x08003112   0x08003112   0x00000002   Code   RO         3359    i.HAL_UART_ErrorCallback  stm32f1xx_hal_uart.o
    0x08003114   0x08003114   0x0000026c   Code   RO         3362    i.HAL_UART_IRQHandler  stm32f1xx_hal_uart.o
    0x08003380   0x08003380   0x00000064   Code   RO         3363    i.HAL_UART_Init     stm32f1xx_hal_uart.o
    0x080033e4   0x080033e4   0x00000038   Code   RO          480    i.HAL_UART_MspDeInit  usart.o
    0x0800341c   0x0800341c   0x00000080   Code   RO          481    i.HAL_UART_MspInit  usart.o
    0x0800349c   0x0800349c   0x000000b0   Code   RO         3366    i.HAL_UART_Receive  stm32f1xx_hal_uart.o
    0x0800354c   0x0800354c   0x00000002   Code   RO         3369    i.HAL_UART_RxCpltCallback  stm32f1xx_hal_uart.o
    0x0800354e   0x0800354e   0x000000a0   Code   RO         3371    i.HAL_UART_Transmit  stm32f1xx_hal_uart.o
    0x080035ee   0x080035ee   0x00000002   Code   RO         3374    i.HAL_UART_TxCpltCallback  stm32f1xx_hal_uart.o
    0x080035f0   0x080035f0   0x00000002   Code   RO          524    i.HardFault_Handler  stm32f1xx_it.o
    0x080035f2   0x080035f2   0x0000002e   Code   RO         2648    i.I2C_IsAcknowledgeFailed  stm32f1xx_hal_i2c.o
    0x08003620   0x08003620   0x0000009c   Code   RO         2652    i.I2C_MasterRequestWrite  stm32f1xx_hal_i2c.o
    0x080036bc   0x080036bc   0x000000fc   Code   RO         2658    i.I2C_RequestMemoryRead  stm32f1xx_hal_i2c.o
    0x080037b8   0x080037b8   0x000000a8   Code   RO         2659    i.I2C_RequestMemoryWrite  stm32f1xx_hal_i2c.o
    0x08003860   0x08003860   0x00000056   Code   RO         2663    i.I2C_WaitOnBTFFlagUntilTimeout  stm32f1xx_hal_i2c.o
    0x080038b6   0x080038b6   0x00000002   PAD
    0x080038b8   0x080038b8   0x00000090   Code   RO         2664    i.I2C_WaitOnFlagUntilTimeout  stm32f1xx_hal_i2c.o
    0x08003948   0x08003948   0x000000bc   Code   RO         2665    i.I2C_WaitOnMasterAddressFlagUntilTimeout  stm32f1xx_hal_i2c.o
    0x08003a04   0x08003a04   0x00000070   Code   RO         2666    i.I2C_WaitOnRXNEFlagUntilTimeout  stm32f1xx_hal_i2c.o
    0x08003a74   0x08003a74   0x00000056   Code   RO         2667    i.I2C_WaitOnTXEFlagUntilTimeout  stm32f1xx_hal_i2c.o
    0x08003aca   0x08003aca   0x00000002   PAD
    0x08003acc   0x08003acc   0x000000a8   Code   RO          228    i.MX_FREERTOS_Init  freertos.o
    0x08003b74   0x08003b74   0x00000068   Code   RO          204    i.MX_GPIO_Init      gpio.o
    0x08003bdc   0x08003bdc   0x00000040   Code   RO          368    i.MX_I2C1_Init      i2c.o
    0x08003c1c   0x08003c1c   0x0000002c   Code   RO          408    i.MX_IWDG_Init      iwdg.o
    0x08003c48   0x08003c48   0x00000074   Code   RO          440    i.MX_RTC_Init       rtc.o
    0x08003cbc   0x08003cbc   0x0000003c   Code   RO          482    i.MX_USART1_UART_Init  usart.o
    0x08003cf8   0x08003cf8   0x00000002   Code   RO          525    i.MemManage_Handler  stm32f1xx_it.o
    0x08003cfa   0x08003cfa   0x00000002   Code   RO          526    i.NMI_Handler       stm32f1xx_it.o
    0x08003cfc   0x08003cfc   0x00000012   Code   RO         3078    i.RTC_Bcd2ToByte    stm32f1xx_hal_rtc.o
    0x08003d0e   0x08003d0e   0x00000016   Code   RO         3079    i.RTC_ByteToBcd2    stm32f1xx_hal_rtc.o
    0x08003d24   0x08003d24   0x000000ae   Code   RO         3080    i.RTC_DateUpdate    stm32f1xx_hal_rtc.o
    0x08003dd2   0x08003dd2   0x00000034   Code   RO         3081    i.RTC_EnterInitMode  stm32f1xx_hal_rtc.o
    0x08003e06   0x08003e06   0x00000002   PAD
    0x08003e08   0x08003e08   0x00000036   Code   RO         3082    i.RTC_ExitInitMode  stm32f1xx_hal_rtc.o
    0x08003e3e   0x08003e3e   0x0000000e   Code   RO         3083    i.RTC_ReadAlarmCounter  stm32f1xx_hal_rtc.o
    0x08003e4c   0x08003e4c   0x00000020   Code   RO         3084    i.RTC_ReadTimeCounter  stm32f1xx_hal_rtc.o
    0x08003e6c   0x08003e6c   0x00000056   Code   RO         3085    i.RTC_WeekDayNum    stm32f1xx_hal_rtc.o
    0x08003ec2   0x08003ec2   0x00000028   Code   RO         3086    i.RTC_WriteAlarmCounter  stm32f1xx_hal_rtc.o
    0x08003eea   0x08003eea   0x00000028   Code   RO         3087    i.RTC_WriteTimeCounter  stm32f1xx_hal_rtc.o
    0x08003f12   0x08003f12   0x00000004   Code   RO          229    i.StartDefaultTask  freertos.o
    0x08003f16   0x08003f16   0x00000004   Code   RO          230    i.StartTask02       freertos.o
    0x08003f1a   0x08003f1a   0x00000004   Code   RO          231    i.StartTask03       freertos.o
    0x08003f1e   0x08003f1e   0x00000004   Code   RO          232    i.StartTask04       freertos.o
    0x08003f22   0x08003f22   0x00000004   Code   RO          233    i.StartTask05       freertos.o
    0x08003f26   0x08003f26   0x00000018   Code   RO          527    i.SysTick_Handler   stm32f1xx_it.o
    0x08003f3e   0x08003f3e   0x00000080   Code   RO           14    i.SystemClock_Config  main.o
    0x08003fbe   0x08003fbe   0x00000002   Code   RO         1269    i.SystemInit        system_stm32f1xx.o
    0x08003fc0   0x08003fc0   0x00000010   Code   RO         3376    i.UART_DMAAbortOnError  stm32f1xx_hal_uart.o
    0x08003fd0   0x08003fd0   0x0000004e   Code   RO         3386    i.UART_EndRxTransfer  stm32f1xx_hal_uart.o
    0x0800401e   0x0800401e   0x000000c2   Code   RO         3388    i.UART_Receive_IT   stm32f1xx_hal_uart.o
    0x080040e0   0x080040e0   0x000000b8   Code   RO         3389    i.UART_SetConfig    stm32f1xx_hal_uart.o
    0x08004198   0x08004198   0x00000072   Code   RO         3392    i.UART_WaitOnFlagUntilTimeout  stm32f1xx_hal_uart.o
    0x0800420a   0x0800420a   0x00000002   PAD
    0x0800420c   0x0800420c   0x0000000c   Code   RO          528    i.USART1_IRQHandler  stm32f1xx_it.o
    0x08004218   0x08004218   0x00000002   Code   RO          529    i.UsageFault_Handler  stm32f1xx_it.o
    0x0800421a   0x0800421a   0x00000028   Code   RO         5140    i.__ARM_fpclassify  m_ws.l(fpclassify.o)
    0x08004242   0x08004242   0x00000020   Code   RO         2107    i.__NVIC_SetPriority  stm32f1xx_hal_cortex.o
    0x08004262   0x08004262   0x0000000e   Code   RO         5013    i._is_digit         c_w.l(__printf_wp.o)
    0x08004270   0x08004270   0x00000002   Code   RO          616    i.app_log_init      app_log.o
    0x08004272   0x08004272   0x00000002   PAD
    0x08004274   0x08004274   0x00000008   Code   RO          650    i.app_main_get      app_main.o
    0x0800427c   0x0800427c   0x00000170   Code   RO          651    i.app_main_init     app_main.o
    0x080043ec   0x080043ec   0x0000001e   Code   RO          706    i.app_state_copy    app_state.o
    0x0800440a   0x0800440a   0x00000018   Code   RO          707    i.app_state_get_counters  app_state.o
    0x08004422   0x08004422   0x0000001c   Code   RO          710    i.app_state_init    app_state.o
    0x0800443e   0x0800443e   0x00000012   Code   RO          711    i.app_state_set_counters  app_state.o
    0x08004450   0x08004450   0x00000012   Code   RO          712    i.app_state_set_datetime  app_state.o
    0x08004462   0x08004462   0x00000010   Code   RO          713    i.app_state_set_sample  app_state.o
    0x08004472   0x08004472   0x0000001e   Code   RO          762    i.button_service_init  button_service.o
    0x08004490   0x08004490   0x00000076   Code   RO          763    i.button_service_update  button_service.o
    0x08004506   0x08004506   0x0000001a   Code   RO          792    i.datastore_checksum  datastore.o
    0x08004520   0x08004520   0x00000014   Code   RO          793    i.datastore_init    datastore.o
    0x08004534   0x08004534   0x00000050   Code   RO          794    i.datastore_load_counters  datastore.o
    0x08004584   0x08004584   0x000000a8   Code   RO          795    i.datastore_save_counters  datastore.o
    0x0800462c   0x0800462c   0x00000012   Code   RO          833    i.ds3231_bcd_to_bin  ds3231_service.o
    0x0800463e   0x0800463e   0x00000016   Code   RO          834    i.ds3231_bin_to_bcd  ds3231_service.o
    0x08004654   0x08004654   0x00000088   Code   RO          835    i.ds3231_datetime_to_epoch  ds3231_service.o
    0x080046dc   0x080046dc   0x00000026   Code   RO          836    i.ds3231_is_leap    ds3231_service.o
    0x08004702   0x08004702   0x00000012   Code   RO          837    i.ds3231_lock       ds3231_service.o
    0x08004714   0x08004714   0x000000a4   Code   RO          838    i.ds3231_service_get_datetime  ds3231_service.o
    0x080047b8   0x080047b8   0x0000001c   Code   RO          839    i.ds3231_service_init  ds3231_service.o
    0x080047d4   0x080047d4   0x00000036   Code   RO          840    i.ds3231_service_is_present  ds3231_service.o
    0x0800480a   0x0800480a   0x0000008e   Code   RO          841    i.ds3231_service_set_datetime  ds3231_service.o
    0x08004898   0x08004898   0x00000072   Code   RO          842    i.ds3231_service_tick  ds3231_service.o
    0x0800490a   0x0800490a   0x00000010   Code   RO          843    i.ds3231_unlock     ds3231_service.o
    0x0800491a   0x0800491a   0x0000000c   Code   RO         4474    i.inHandlerMode     cmsis_os.o
    0x08004926   0x08004926   0x00000012   Code   RO          918    i.lcd_command       lcd_service.o
    0x08004938   0x08004938   0x00000066   Code   RO          919    i.lcd_init_hw       lcd_service.o
    0x0800499e   0x0800499e   0x00000012   Code   RO          920    i.lcd_lock          lcd_service.o
    0x080049b0   0x080049b0   0x00000026   Code   RO          921    i.lcd_send          lcd_service.o
    0x080049d6   0x080049d6   0x00000030   Code   RO          922    i.lcd_service_init  lcd_service.o
    0x08004a06   0x08004a06   0x00000016   Code   RO          923    i.lcd_service_next_page  lcd_service.o
    0x08004a1c   0x08004a1c   0x00000164   Code   RO          924    i.lcd_service_render  lcd_service.o
    0x08004b80   0x08004b80   0x0000001c   Code   RO          926    i.lcd_set_cursor    lcd_service.o
    0x08004b9c   0x08004b9c   0x00000010   Code   RO          927    i.lcd_unlock        lcd_service.o
    0x08004bac   0x08004bac   0x00000028   Code   RO          928    i.lcd_write4bits    lcd_service.o
    0x08004bd4   0x08004bd4   0x00000022   Code   RO          929    i.lcd_write_i2c     lcd_service.o
    0x08004bf6   0x08004bf6   0x0000001a   Code   RO          930    i.lcd_write_str     lcd_service.o
    0x08004c10   0x08004c10   0x00000026   Code   RO           15    i.main              main.o
    0x08004c36   0x08004c36   0x0000000c   Code   RO         4476    i.makeFreeRtosPriority  cmsis_os.o
    0x08004c42   0x08004c42   0x00000070   Code   RO         1025    i.meter_read_entry  meter_service.o
    0x08004cb2   0x08004cb2   0x0000001c   Code   RO         1026    i.meter_service_init  meter_service.o
    0x08004cce   0x08004cce   0x000000ea   Code   RO         1028    i.meter_service_read  meter_service.o
    0x08004db8   0x08004db8   0x00000034   Code   RO         1075    i.modbus_crc16      modbus_rtu.o
    0x08004dec   0x08004dec   0x0000000c   Code   RO         1076    i.modbus_iface_read  modbus_rtu.o
    0x08004df8   0x08004df8   0x00000014   Code   RO         1077    i.modbus_rtu_get_iface  modbus_rtu.o
    0x08004e0c   0x08004e0c   0x00000034   Code   RO         1079    i.modbus_rtu_init   modbus_rtu.o
    0x08004e40   0x08004e40   0x000000ee   Code   RO         1080    i.modbus_rtu_read_once  modbus_rtu.o
    0x08004f2e   0x08004f2e   0x0000003a   Code   RO         1081    i.modbus_rtu_read_registers  modbus_rtu.o
    0x08004f68   0x08004f68   0x0000000e   Code   RO         4478    i.osDelay           cmsis_os.o
    0x08004f76   0x08004f76   0x0000000a   Code   RO         4481    i.osKernelStart     cmsis_os.o
    0x08004f80   0x08004f80   0x00000026   Code   RO         4490    i.osMessageCreate   cmsis_os.o
    0x08004fa6   0x08004fa6   0x00000002   PAD
    0x08004fa8   0x08004fa8   0x00000094   Code   RO         4492    i.osMessageGet      cmsis_os.o
    0x0800503c   0x0800503c   0x0000005c   Code   RO         4494    i.osMessagePut      cmsis_os.o
    0x08005098   0x08005098   0x00000010   Code   RO         4496    i.osMutexCreate     cmsis_os.o
    0x080050a8   0x080050a8   0x00000050   Code   RO         4498    i.osMutexRelease    cmsis_os.o
    0x080050f8   0x080050f8   0x00000064   Code   RO         4499    i.osMutexWait       cmsis_os.o
    0x0800515c   0x0800515c   0x00000054   Code   RO         4515    i.osThreadCreate    cmsis_os.o
    0x080051b0   0x080051b0   0x00000070   Code   RO         4158    i.prvAddCurrentTaskToDelayedList  tasks_1.o
    0x08005220   0x08005220   0x000000d0   Code   RO         4159    i.prvAddNewTaskToReadyList  tasks_1.o
    0x080052f0   0x080052f0   0x00000026   Code   RO         3837    i.prvCopyDataFromQueue  queue.o
    0x08005316   0x08005316   0x0000006c   Code   RO         3838    i.prvCopyDataToQueue  queue.o
    0x08005382   0x08005382   0x00000034   Code   RO         4160    i.prvDeleteTCB      tasks_1.o
    0x080053b6   0x080053b6   0x00000002   PAD
    0x080053b8   0x080053b8   0x0000004c   Code   RO         4843    i.prvHeapInit       heap_4.o
    0x08005404   0x08005404   0x00000060   Code   RO         4161    i.prvIdleTask       tasks_1.o
    0x08005464   0x08005464   0x00000016   Code   RO         3839    i.prvInitialiseMutex  queue.o
    0x0800547a   0x0800547a   0x00000016   Code   RO         3840    i.prvInitialiseNewQueue  queue.o
    0x08005490   0x08005490   0x00000098   Code   RO         4162    i.prvInitialiseNewTask  tasks_1.o
    0x08005528   0x08005528   0x0000004c   Code   RO         4844    i.prvInsertBlockIntoFreeList  heap_4.o
    0x08005574   0x08005574   0x0000001c   Code   RO         3841    i.prvIsQueueEmpty   queue.o
    0x08005590   0x08005590   0x00000020   Code   RO         4163    i.prvResetNextTaskUnblockTime  tasks_1.o
    0x080055b0   0x080055b0   0x00000028   Code   RO         4911    i.prvTaskExitError  port.o
    0x080055d8   0x080055d8   0x0000006a   Code   RO         3842    i.prvUnlockQueue    queue.o
    0x08005642   0x08005642   0x00000002   PAD
    0x08005644   0x08005644   0x000000dc   Code   RO         4845    i.pvPortMalloc      heap_4.o
    0x08005720   0x08005720   0x00000018   Code   RO         4165    i.pvTaskIncrementMutexHeldCount  tasks_1.o
    0x08005738   0x08005738   0x00000024   Code   RO         4912    i.pxPortInitialiseStack  port.o
    0x0800575c   0x0800575c   0x00000024   Code   RO         1132    i.queues_get_latest_meter_sample  queues.o
    0x08005780   0x08005780   0x0000000c   Code   RO         1133    i.queues_get_meter_mutex  queues.o
    0x0800578c   0x0800578c   0x00000018   Code   RO         1135    i.queues_init       queues.o
    0x080057a4   0x080057a4   0x0000002c   Code   RO         1136    i.queues_publish_meter_sample  queues.o
    0x080057d0   0x080057d0   0x00000028   Code   RO         1137    i.queues_signal_event  queues.o
    0x080057f8   0x080057f8   0x00000028   Code   RO         1138    i.queues_wait_event  queues.o
    0x08005820   0x08005820   0x00000060   Code   RO         1197    i.rs485_phy_apply_uart_config  rs485_phy.o
    0x08005880   0x08005880   0x0000001e   Code   RO         1198    i.rs485_phy_init    rs485_phy.o
    0x0800589e   0x0800589e   0x00000012   Code   RO         1199    i.rs485_phy_lock    rs485_phy.o
    0x080058b0   0x080058b0   0x00000036   Code   RO         1201    i.rs485_phy_set_dir  rs485_phy.o
    0x080058e6   0x080058e6   0x00000018   Code   RO         1202    i.rs485_phy_set_pin  rs485_phy.o
    0x080058fe   0x080058fe   0x00000068   Code   RO         1203    i.rs485_phy_transceive  rs485_phy.o
    0x08005966   0x08005966   0x00000010   Code   RO         1205    i.rs485_phy_unlock  rs485_phy.o
    0x08005976   0x08005976   0x0000006e   Code   RO         1306    i.tasks_lcd         tasks.o
    0x080059e4   0x080059e4   0x0000003e   Code   RO         1307    i.tasks_rs485       tasks.o
    0x08005a22   0x08005a22   0x000000c0   Code   RO         1308    i.tasks_tou         tasks.o
    0x08005ae2   0x08005ae2   0x000000c4   Code   RO         1309    i.tasks_ui          tasks.o
    0x08005ba6   0x08005ba6   0x0000001a   Code   RO         1310    i.tasks_wdg         tasks.o
    0x08005bc0   0x08005bc0   0x00000004   Code   RO         1380    i.time_iface_get    time_service.o
    0x08005bc4   0x08005bc4   0x00000004   Code   RO         1381    i.time_iface_now    time_service.o
    0x08005bc8   0x08005bc8   0x00000004   Code   RO         1382    i.time_iface_set    time_service.o
    0x08005bcc   0x08005bcc   0x00000088   Code   RO         1383    i.time_service_datetime_to_epoch  time_service.o
    0x08005c54   0x08005c54   0x00000054   Code   RO         1384    i.time_service_get_datetime  time_service.o
    0x08005ca8   0x08005ca8   0x00000024   Code   RO         1385    i.time_service_get_iface  time_service.o
    0x08005ccc   0x08005ccc   0x0000000c   Code   RO         1386    i.time_service_init  time_service.o
    0x08005cd8   0x08005cd8   0x00000026   Code   RO         1387    i.time_service_is_leap  time_service.o
    0x08005cfe   0x08005cfe   0x00000014   Code   RO         1388    i.time_service_now_epoch  time_service.o
    0x08005d12   0x08005d12   0x00000002   PAD
    0x08005d14   0x08005d14   0x000000a4   Code   RO         1389    i.time_service_set_datetime  time_service.o
    0x08005db8   0x08005db8   0x00000038   Code   RO         1451    i.tou_energy_service_bucket_for_time  tou_energy_service.o
    0x08005df0   0x08005df0   0x0000000c   Code   RO         1452    i.tou_energy_service_clear_rollover  tou_energy_service.o
    0x08005dfc   0x08005dfc   0x0000000a   Code   RO         1453    i.tou_energy_service_day_rollover  tou_energy_service.o
    0x08005e06   0x08005e06   0x00000018   Code   RO         1454    i.tou_energy_service_get_counters  tou_energy_service.o
    0x08005e1e   0x08005e1e   0x00000012   Code   RO         1455    i.tou_energy_service_get_last_date  tou_energy_service.o
    0x08005e30   0x08005e30   0x0000003c   Code   RO         1456    i.tou_energy_service_init  tou_energy_service.o
    0x08005e6c   0x08005e6c   0x00000012   Code   RO         1457    i.tou_energy_service_set_last_date  tou_energy_service.o
    0x08005e7e   0x08005e7e   0x00000002   PAD
    0x08005e80   0x08005e80   0x00000084   Code   RO         1458    i.tou_energy_service_update  tou_energy_service.o
    0x08005f04   0x08005f04   0x00000064   Code   RO         1459    i.tou_handle_rollover  tou_energy_service.o
    0x08005f68   0x08005f68   0x0000001e   Code   RO         1460    i.tou_in_window     tou_energy_service.o
    0x08005f86   0x08005f86   0x00000070   Code   RO         1311    i.ui_increment_field  tasks.o
    0x08005ff6   0x08005ff6   0x00000026   Code   RO         3797    i.uxListRemove      list.o
    0x0800601c   0x0800601c   0x00000014   Code   RO          234    i.vApplicationGetIdleTaskMemory  freertos.o
    0x08006030   0x08006030   0x00000016   Code   RO         3798    i.vListInitialise   list.o
    0x08006046   0x08006046   0x00000006   Code   RO         3799    i.vListInitialiseItem  list.o
    0x0800604c   0x0800604c   0x00000030   Code   RO         3800    i.vListInsert       list.o
    0x0800607c   0x0800607c   0x00000018   Code   RO         3801    i.vListInsertEnd    list.o
    0x08006094   0x08006094   0x00000040   Code   RO         4914    i.vPortEnterCritical  port.o
    0x080060d4   0x080060d4   0x00000028   Code   RO         4915    i.vPortExitCritical  port.o
    0x080060fc   0x080060fc   0x00000064   Code   RO         4846    i.vPortFree         heap_4.o
    0x08006160   0x08006160   0x00000024   Code   RO         4916    i.vPortSetupTimerInterrupt  port.o
    0x08006184   0x08006184   0x00000054   Code   RO         4917    i.vPortValidateInterruptPriority  port.o
    0x080061d8   0x080061d8   0x0000004c   Code   RO         4172    i.vTaskDelay        tasks_1.o
    0x08006224   0x08006224   0x00000010   Code   RO         4175    i.vTaskInternalSetTimeOutState  tasks_1.o
    0x08006234   0x08006234   0x0000000c   Code   RO         4176    i.vTaskMissedYield  tasks_1.o
    0x08006240   0x08006240   0x00000030   Code   RO         4178    i.vTaskPlaceOnEventList  tasks_1.o
    0x08006270   0x08006270   0x000000a0   Code   RO         4180    i.vTaskPriorityDisinheritAfterTimeout  tasks_1.o
    0x08006310   0x08006310   0x0000006c   Code   RO         4185    i.vTaskStartScheduler  tasks_1.o
    0x0800637c   0x0800637c   0x00000010   Code   RO         4187    i.vTaskSuspendAll   tasks_1.o
    0x0800638c   0x0800638c   0x0000005c   Code   RO         4188    i.vTaskSwitchContext  tasks_1.o
    0x080063e8   0x080063e8   0x0000002c   Code   RO         1539    i.watchdog_service_all_alive  watchdog_service.o
    0x08006414   0x08006414   0x0000001a   Code   RO         1540    i.watchdog_service_feed_if_alive  watchdog_service.o
    0x0800642e   0x0800642e   0x00000018   Code   RO         1541    i.watchdog_service_heartbeat  watchdog_service.o
    0x08006446   0x08006446   0x00000024   Code   RO         1542    i.watchdog_service_init  watchdog_service.o
    0x0800646a   0x0800646a   0x00000002   PAD
    0x0800646c   0x0800646c   0x000000a8   Code   RO         4918    i.xPortStartScheduler  port.o
    0x08006514   0x08006514   0x0000002c   Code   RO         4919    i.xPortSysTickHandler  port.o
    0x08006540   0x08006540   0x00000016   Code   RO         3849    i.xQueueCreateMutex  queue.o
    0x08006556   0x08006556   0x0000001a   Code   RO         3850    i.xQueueCreateMutexStatic  queue.o
    0x08006570   0x08006570   0x00000042   Code   RO         3851    i.xQueueGenericCreate  queue.o
    0x080065b2   0x080065b2   0x00000066   Code   RO         3852    i.xQueueGenericCreateStatic  queue.o
    0x08006618   0x08006618   0x00000088   Code   RO         3853    i.xQueueGenericReset  queue.o
    0x080066a0   0x080066a0   0x00000160   Code   RO         3854    i.xQueueGenericSend  queue.o
    0x08006800   0x08006800   0x000000be   Code   RO         3855    i.xQueueGenericSendFromISR  queue.o
    0x080068be   0x080068be   0x0000009c   Code   RO         3856    i.xQueueGiveFromISR  queue.o
    0x0800695a   0x0800695a   0x00000002   PAD
    0x0800695c   0x0800695c   0x00000134   Code   RO         3859    i.xQueuePeek        queue.o
    0x08006a90   0x08006a90   0x00000138   Code   RO         3861    i.xQueueReceive     queue.o
    0x08006bc8   0x08006bc8   0x0000009a   Code   RO         3862    i.xQueueReceiveFromISR  queue.o
    0x08006c62   0x08006c62   0x00000002   PAD
    0x08006c64   0x08006c64   0x00000178   Code   RO         3863    i.xQueueSemaphoreTake  queue.o
    0x08006ddc   0x08006ddc   0x00000074   Code   RO         4190    i.xTaskCheckForTimeOut  tasks_1.o
    0x08006e50   0x08006e50   0x0000005a   Code   RO         4191    i.xTaskCreate       tasks_1.o
    0x08006eaa   0x08006eaa   0x00000056   Code   RO         4192    i.xTaskCreateStatic  tasks_1.o
    0x08006f00   0x08006f00   0x0000001c   Code   RO         4196    i.xTaskGetSchedulerState  tasks_1.o
    0x08006f1c   0x08006f1c   0x000000cc   Code   RO         4199    i.xTaskIncrementTick  tasks_1.o
    0x08006fe8   0x08006fe8   0x00000098   Code   RO         4202    i.xTaskPriorityDisinherit  tasks_1.o
    0x08007080   0x08007080   0x0000008c   Code   RO         4203    i.xTaskPriorityInherit  tasks_1.o
    0x0800710c   0x0800710c   0x00000074   Code   RO         4204    i.xTaskRemoveFromEventList  tasks_1.o
    0x08007180   0x08007180   0x000000c4   Code   RO         4205    i.xTaskResumeAll    tasks_1.o
    0x08007244   0x08007244   0x0000002c   Code   RO         5136    locale$$code        c_w.l(lc_numeric_c.o)
    0x08007270   0x08007270   0x0000000c   Code   RO         5077    x$fpl$dretinf       fz_ws.l(dretinf.o)
    0x0800727c   0x0800727c   0x00000056   Code   RO         5039    x$fpl$f2d           fz_ws.l(f2d.o)
    0x080072d2   0x080072d2   0x00000002   PAD
    0x080072d4   0x080072d4   0x000000c4   Code   RO         5041    x$fpl$fadd          fz_ws.l(faddsub_clz.o)
    0x08007398   0x08007398   0x00000184   Code   RO         5048    x$fpl$fdiv          fz_ws.l(fdiv.o)
    0x0800751c   0x0800751c   0x00000026   Code   RO         5051    x$fpl$ffltu         fz_ws.l(fflt_clz.o)
    0x08007542   0x08007542   0x00000002   PAD
    0x08007544   0x08007544   0x00000102   Code   RO         5057    x$fpl$fmul          fz_ws.l(fmul.o)
    0x08007646   0x08007646   0x0000008c   Code   RO         5079    x$fpl$fnaninf       fz_ws.l(fnaninf.o)
    0x080076d2   0x080076d2   0x0000000a   Code   RO         5081    x$fpl$fretinf       fz_ws.l(fretinf.o)
    0x080076dc   0x080076dc   0x000000ea   Code   RO         5043    x$fpl$fsub          fz_ws.l(faddsub_clz.o)
    0x080077c6   0x080077c6   0x00000004   Code   RO         5059    x$fpl$printf1       fz_ws.l(printf1.o)
    0x080077ca   0x080077ca   0x00000000   Code   RO         5083    x$fpl$usenofp       fz_ws.l(usenofp.o)
    0x080077ca   0x080077ca   0x00000002   PAD
    0x080077cc   0x080077cc   0x0000009c   Data   RO          236    .constdata          freertos.o
    0x08007868   0x08007868   0x00000018   Data   RO          844    .constdata          ds3231_service.o
    0x08007880   0x08007880   0x00000002   Data   RO          931    .constdata          lcd_service.o
    0x08007882   0x08007882   0x00000024   Data   RO         1010    .constdata          meter_register_map.o
    0x080078a6   0x080078a6   0x00000010   Data   RO         1270    .constdata          system_stm32f1xx.o
    0x080078b6   0x080078b6   0x00000008   Data   RO         1271    .constdata          system_stm32f1xx.o
    0x080078be   0x080078be   0x00000024   Data   RO         1390    .constdata          time_service.o
    0x080078e2   0x080078e2   0x00000012   Data   RO         1805    .constdata          stm32f1xx_hal_rcc.o
    0x080078f4   0x080078f4   0x00000012   Data   RO         1897    .constdata          stm32f1xx_hal_rcc_ex.o
    0x08007906   0x08007906   0x00000011   Data   RO         5016    .constdata          c_w.l(__printf_flags_wp.o)
    0x08007917   0x08007917   0x00000001   PAD
    0x08007918   0x08007918   0x00000094   Data   RO         5111    .constdata          c_w.l(bigflt0.o)
    0x080079ac   0x080079ac   0x0000002c   Data   RO          237    .conststring        freertos.o
    0x080079d8   0x080079d8   0x00000020   Data   RO         5281    Region$$Table       anon$$obj.o
    0x080079f8   0x080079f8   0x0000001c   Data   RO         5135    locale$$data        c_w.l(lc_numeric_c.o)


    Execution Region RW_IRAM1 (Exec base: 0x20000000, Load base: 0x08007a14, Size: 0x00003c58, Max: 0x00005000, ABSOLUTE)

    Exec Addr    Load Addr    Size         Type   Attr      Idx    E Section Name        Object

    0x20000000   0x08007a14   0x0000001c   Data   RW          238    .data               freertos.o
    0x2000001c   0x08007a30   0x00000004   Data   RW         1139    .data               queues.o
    0x20000020   0x08007a34   0x00000004   Data   RW         1272    .data               system_stm32f1xx.o
    0x20000024   0x08007a38   0x0000000c   Data   RW         1642    .data               stm32f1xx_hal.o
    0x20000030   0x08007a44   0x0000003c   Data   RW         4208    .data               tasks_1.o
    0x2000006c   0x08007a80   0x00000020   Data   RW         4852    .data               heap_4.o
    0x2000008c   0x08007aa0   0x0000000c   Data   RW         4920    .data               port.o
    0x20000098        -       0x00000254   Zero   RW          235    .bss                freertos.o
    0x200002ec        -       0x00000054   Zero   RW          369    .bss                i2c.o
    0x20000340        -       0x0000000c   Zero   RW          409    .bss                iwdg.o
    0x2000034c        -       0x00000014   Zero   RW          441    .bss                rtc.o
    0x20000360        -       0x00000048   Zero   RW          483    .bss                usart.o
    0x200003a8        -       0x0000013c   Zero   RW          652    .bss                app_main.o
    0x200004e4   0x08007aac   0x00000004   PAD
    0x200004e8        -       0x00000020   Zero   RW         2348    .bss                stm32f1xx_hal_flash.o
    0x20000508        -       0x000000f0   Zero   RW         4207    .bss                tasks_1.o
    0x200005f8        -       0x00003000   Zero   RW         4851    .bss                heap_4.o
    0x200035f8        -       0x00000060   Zero   RW         5143    .bss                c_w.l(libspace.o)
    0x20003658        -       0x00000200   Zero   RW            2    HEAP                startup_stm32f103xb.o
    0x20003858        -       0x00000400   Zero   RW            1    STACK               startup_stm32f103xb.o


==============================================================================

Image component sizes


      Code (inc. data)   RO Data    RW Data    ZI Data      Debug   Object Name

         2          0          0          0          0        435   app_log.o
       376         34          0          0        316      10999   app_main.o
       134          0          0          0          0       3923   app_state.o
       148          0          0          0          0       1950   button_service.o
       606         20          0          0          0      32488   cmsis_os.o
       294         14          0          0          0       3561   datastore.o
       750          4         24          0          0      13108   ds3231_service.o
         0          0          0          0          0      20180   event_groups.o
       208         12        200         28        596      15640   freertos.o
       104         10          0          0          0        979   gpio.o
       472         24          0         32      12288       7503   heap_4.o
       156         26          0          0         84       1729   i2c.o
        44          8          0          0         12        755   iwdg.o
       746        114          2          0          0       9048   lcd_service.o
       138          0          0          0          0       3546   list.o
       170          0          0          0          0     450292   main.o
         0          0         36          0          0       1371   meter_register_map.o
       374          0          0          0          0       5066   meter_service.o
       432          4          0          0          0       5145   modbus_rtu.o
       662         70          0         12          0      11377   port.o
      2524         24          0          0          0      24554   queue.o
       196         32          0          4          0       4222   queues.o
       342          0          0          0          0       5626   rs485_phy.o
       168         22          0          0         20       1683   rtc.o
        64         26        236          0       1536        836   startup_stm32f103xb.o
       164         28          0         12          0       6101   stm32f1xx_hal.o
       232         14          0          0          0      29781   stm32f1xx_hal_cortex.o
       222          4          0          0          0       1843   stm32f1xx_hal_dma.o
       392         46          0          0         32       4930   stm32f1xx_hal_flash.o
       240         26          0          0          0       3349   stm32f1xx_hal_flash_ex.o
       780         60          0          0          0       4605   stm32f1xx_hal_gpio.o
      3202         82          0          0          0      16792   stm32f1xx_hal_i2c.o
       106          0          0          0          0       1931   stm32f1xx_hal_iwdg.o
        72         10          0          0          0        922   stm32f1xx_hal_msp.o
        12          4          0          0          0        539   stm32f1xx_hal_pwr.o
      1240         84         18          0          0       5260   stm32f1xx_hal_rcc.o
       400         28         18          0          0       2545   stm32f1xx_hal_rcc_ex.o
      1400         12          0          0          0      13140   stm32f1xx_hal_rtc.o
      1704         10          0          0          0      12245   stm32f1xx_hal_uart.o
        48          6          0          0          0       3727   stm32f1xx_it.o
         2          0         24          4          0       1191   system_stm32f1xx.o
       698          6          0          0          0      13617   tasks.o
      2332        174          0         60        240      27647   tasks_1.o
       502         20         36          0          0       6926   time_service.o
       460          6          0          0          0       7333   tou_energy_service.o
       244         34          0          0         72       2351   usart.o
       130          0          0          0          0       2999   watchdog_service.o

    ----------------------------------------------------------------------
     23728       1098        626        152      15200     805790   Object Totals
         0          0         32          0          0          0   (incl. Generated)
        36          0          0          0          4          0   (incl. Padding)

    ----------------------------------------------------------------------

      Code (inc. data)   RO Data    RW Data    ZI Data      Debug   Library Member Name

         8          0          0          0          0         68   __main.o
       312          4         17          0          0         92   __printf_flags_wp.o
        14          0          0          0          0         68   __printf_wp.o
         0          0          0          0          0          0   __rtentry.o
        12          0          0          0          0          0   __rtentry2.o
         6          0          0          0          0          0   __rtentry4.o
        52          8          0          0          0          0   __scatter.o
        26          0          0          0          0          0   __scatter_copy.o
        28          0          0          0          0          0   __scatter_zi.o
        44          0          0          0          0        108   _printf_char.o
        48          6          0          0          0         96   _printf_char_common.o
       120         16          0          0          0         92   _printf_dec.o
         6          0          0          0          0          0   _printf_f.o
      1054          0          0          0          0        216   _printf_fp_dec.o
       128         16          0          0          0         84   _printf_fp_infnan.o
       178          0          0          0          0         88   _printf_intcommon.o
        78          0          0          0          0        108   _printf_pad.o
         0          0          0          0          0          0   _printf_percent.o
         4          0          0          0          0          0   _printf_percent_end.o
         6          0          0          0          0          0   _printf_s.o
        82          0          0          0          0         80   _printf_str.o
         6          0          0          0          0          0   _printf_u.o
        16          0          0          0          0         68   _snputc.o
        10          0          0          0          0         68   _sputc.o
       228          4        148          0          0         96   bigflt0.o
      1936        128          0          0          0        672   btod.o
        18          0          0          0          0         80   exit.o
         6          0          0          0          0        152   heapauxi.o
         0          0          0          0          0          0   indicate_semi.o
        44         10         28          0          0         76   lc_numeric_c.o
         2          0          0          0          0          0   libinit.o
        18          0          0          0          0          0   libinit2.o
         2          0          0          0          0          0   libshutdown.o
         2          0          0          0          0          0   libshutdown2.o
         8          4          0          0         96         68   libspace.o
       138          0          0          0          0         80   lludiv10.o
        38          0          0          0          0         68   llushr.o
        52          4          0          0          0         84   noretval__2snprintf.o
         8          4          0          0          0         68   rt_locale_intlibspace.o
        78          0          0          0          0         80   rt_memclr_w.o
       138          0          0          0          0         68   rt_memcpy_v6.o
       100          0          0          0          0         80   rt_memcpy_w.o
         2          0          0          0          0          0   rtexit.o
        10          0          0          0          0          0   rtexit2.o
       128          0          0          0          0         68   strcmpv7m.o
        12          4          0          0          0         68   sys_exit.o
        74          0          0          0          0         80   sys_stackheap_outer.o
         2          0          0          0          0         68   use_no_semi.o
        12          0          0          0          0         68   dretinf.o
        86          4          0          0          0         84   f2d.o
       430          8          0          0          0        168   faddsub_clz.o
       388         76          0          0          0         96   fdiv.o
        38          0          0          0          0         68   fflt_clz.o
       258          4          0          0          0         84   fmul.o
       140          4          0          0          0         84   fnaninf.o
        10          0          0          0          0         68   fretinf.o
         4          0          0          0          0         68   printf1.o
         0          0          0          0          0          0   usenofp.o
        40          0          0          0          0         68   fpclassify.o

    ----------------------------------------------------------------------
      6704        304        194          0         96       4048   Library Totals
        16          0          1          0          0          0   (incl. Padding)

    ----------------------------------------------------------------------

      Code (inc. data)   RO Data    RW Data    ZI Data      Debug   Library Name

      5282        208        193          0         96       3192   c_w.l
      1366         96          0          0          0        788   fz_ws.l
        40          0          0          0          0         68   m_ws.l

    ----------------------------------------------------------------------
      6704        304        194          0         96       4048   Library Totals

    ----------------------------------------------------------------------

==============================================================================


      Code (inc. data)   RO Data    RW Data    ZI Data      Debug   

     30432       1402        820        152      15296     793714   Grand Totals
     30432       1402        820        152      15296     793714   ELF Image Totals
     30432       1402        820        152          0          0   ROM Totals

==============================================================================

    Total RO  Size (Code + RO Data)                31252 (  30.52kB)
    Total RW  Size (RW Data + ZI Data)             15448 (  15.09kB)
    Total ROM Size (Code + RO Data + RW Data)      31404 (  30.67kB)

==============================================================================

